Product: MDK-ARM Lite 5.10
Component: ARM Compiler 5.04 update 1 (build 49)
Tool: armlink [5040049]

==============================================================================

Section Cross References

    main.o(i.Config_GPIO) refers to ht32f5xxxx_ckcu.o(i.CKCU_PeripClockConfig) for CKCU_PeripClockConfig
    main.o(i.Config_GPIO) refers to ht32f5xxxx_gpio.o(i.AFIO_GPxConfig) for AFIO_GPxConfig
    main.o(i.Config_GPIO) refers to ht32f5xxxx_gpio.o(i.GPIO_PullResistorConfig) for GPIO_PullResistorConfig
    main.o(i.Config_GPIO) refers to ht32f5xxxx_gpio.o(i.GPIO_DirectionConfig) for GPIO_DirectionConfig
    main.o(i.Config_GPIO) refers to ht32f5xxxx_gpio.o(i.GPIO_WriteOutBits) for GPIO_WriteOutBits
    main.o(i.EXTI_Configuration) refers to ht32f5xxxx_ckcu.o(i.CKCU_PeripClockConfig) for CKCU_PeripClockConfig
    main.o(i.EXTI_Configuration) refers to ht32f5xxxx_gpio.o(i.AFIO_GPxConfig) for AFIO_GPxConfig
    main.o(i.EXTI_Configuration) refers to ht32f5xxxx_gpio.o(i.GPIO_DirectionConfig) for GPIO_DirectionConfig
    main.o(i.EXTI_Configuration) refers to ht32f5xxxx_gpio.o(i.GPIO_PullResistorConfig) for GPIO_PullResistorConfig
    main.o(i.EXTI_Configuration) refers to ht32f5xxxx_gpio.o(i.GPIO_InputConfig) for GPIO_InputConfig
    main.o(i.EXTI_Configuration) refers to ht32f5xxxx_gpio.o(i.AFIO_EXTISourceConfig) for AFIO_EXTISourceConfig
    main.o(i.LowPower_Enter) refers to ht32f5xxxx_exti.o(i.EXTI_ClearWakeupFlag) for EXTI_ClearWakeupFlag
    main.o(i.LowPower_Enter) refers to ht32f5xxxx_exti.o(i.EXTI_WakeupEventIntConfig) for EXTI_WakeupEventIntConfig
    main.o(i.LowPower_Enter) refers to ht32f5xxxx_exti.o(i.EXTI_WakeupEventConfig) for EXTI_WakeupEventConfig
    main.o(i.LowPower_Enter) refers to ht32f5xxxx_pwrcu.o(i.PWRCU_DeepSleep1) for PWRCU_DeepSleep1
    main.o(i.RTC_Configuration) refers to ht32f5xxxx_ckcu.o(i.CKCU_PeripClockConfig) for CKCU_PeripClockConfig
    main.o(i.RTC_Configuration) refers to ht32f5xxxx_pwrcu.o(i.PWRCU_CheckReadyAccessed) for PWRCU_CheckReadyAccessed
    main.o(i.RTC_Configuration) refers to ht32f5xxxx_pwrcu.o(i.PWRCU_DeInit) for PWRCU_DeInit
    main.o(i.RTC_Configuration) refers to ht32f5xxxx_rtc.o(i.RTC_LSESMConfig) for RTC_LSESMConfig
    main.o(i.RTC_Configuration) refers to ht32f5xxxx_rtc.o(i.RTC_LSECmd) for RTC_LSECmd
    main.o(i.RTC_Configuration) refers to ht32f5xxxx_ckcu.o(i.CKCU_GetClockReadyStatus) for CKCU_GetClockReadyStatus
    main.o(i.RTC_Configuration) refers to ht32f5xxxx_rtc.o(i.RTC_ClockSourceConfig) for RTC_ClockSourceConfig
    main.o(i.RTC_Configuration) refers to ht32f5xxxx_rtc.o(i.RTC_SetPrescaler) for RTC_SetPrescaler
    main.o(i.RTC_Configuration) refers to ht32f5xxxx_rtc.o(i.RTC_SetCompare) for RTC_SetCompare
    main.o(i.RTC_Configuration) refers to ht32f5xxxx_rtc.o(i.RTC_Cmd) for RTC_Cmd
    main.o(i.UxART1_Configuration) refers to ht32f5xxxx_ckcu.o(i.CKCU_PeripClockConfig) for CKCU_PeripClockConfig
    main.o(i.UxART1_Configuration) refers to ht32f5xxxx_gpio.o(i.GPIO_PullResistorConfig) for GPIO_PullResistorConfig
    main.o(i.UxART1_Configuration) refers to ht32f5xxxx_gpio.o(i.AFIO_GPxConfig) for AFIO_GPxConfig
    main.o(i.UxART1_Configuration) refers to ht32f5xxxx_usart.o(i.USART_Init) for USART_Init
    main.o(i.UxART1_Configuration) refers to ht32f5xxxx_usart.o(i.USART_IntConfig) for USART_IntConfig
    main.o(i.UxART1_Configuration) refers to ht32f5xxxx_usart.o(i.USART_TXRXTLConfig) for USART_TXRXTLConfig
    main.o(i.UxART1_Configuration) refers to ht32f5xxxx_usart.o(i.USART_SetTimeOutValue) for USART_SetTimeOutValue
    main.o(i.UxART1_Configuration) refers to ht32f5xxxx_usart.o(i.USART_TxRxCmd) for USART_TxRxCmd
    main.o(i.UxART_Configuration) refers to ht32f5xxxx_ckcu.o(i.CKCU_PeripClockConfig) for CKCU_PeripClockConfig
    main.o(i.UxART_Configuration) refers to ht32f5xxxx_gpio.o(i.GPIO_PullResistorConfig) for GPIO_PullResistorConfig
    main.o(i.UxART_Configuration) refers to ht32f5xxxx_gpio.o(i.AFIO_GPxConfig) for AFIO_GPxConfig
    main.o(i.UxART_Configuration) refers to ht32f5xxxx_usart.o(i.USART_Init) for USART_Init
    main.o(i.UxART_Configuration) refers to ht32f5xxxx_usart.o(i.USART_IntConfig) for USART_IntConfig
    main.o(i.UxART_Configuration) refers to ht32f5xxxx_usart.o(i.USART_TXRXTLConfig) for USART_TXRXTLConfig
    main.o(i.UxART_Configuration) refers to ht32f5xxxx_usart.o(i.USART_SetTimeOutValue) for USART_SetTimeOutValue
    main.o(i.UxART_Configuration) refers to ht32f5xxxx_usart.o(i.USART_TxRxCmd) for USART_TxRxCmd
    main.o(i.check_cd) refers to ht32f5xxxx_gpio.o(i.GPIO_ReadInBit) for GPIO_ReadInBit
    main.o(i.check_cd) refers to ht32_board.o(i.HT32F_DVB_LEDOff) for HT32F_DVB_LEDOff
    main.o(i.check_cd) refers to ht32_board.o(i.HT32F_DVB_LEDToggle) for HT32F_DVB_LEDToggle
    main.o(i.check_cd) refers to main.o(.data) for .data
    main.o(i.check_cd) refers to main.o(.bss) for .bss
    main.o(i.deepsleep) refers to ht32f5xxxx_exti.o(i.EXTI_WakeupEventIntConfig) for EXTI_WakeupEventIntConfig
[...]
    ../clib/microlib/printf/printf.c         0x00000000   Number         0  printf8.o ABSOLUTE
    ../clib/microlib/printf/stubs.s          0x00000000   Number         0  stubs.o ABSOLUTE
    ../clib/microlib/string/memset.c         0x00000000   Number         0  memseta.o ABSOLUTE
    ../clib/microlib/string/strcpy.c         0x00000000   Number         0  strcpy.o ABSOLUTE
    ../clib/microlib/string/strlen.c         0x00000000   Number         0  strlen.o ABSOLUTE
    ../clib/microlib/string/strncpy.c        0x00000000   Number         0  strncpy.o ABSOLUTE
    ../clib/microlib/string/strstr.c         0x00000000   Number         0  strstr.o ABSOLUTE
    ../clib/microlib/stubs.s                 0x00000000   Number         0  useno.o ABSOLUTE
    ../clib/microlib/stubs.s                 0x00000000   Number         0  iusefp.o ABSOLUTE
    ../clib/scanf.c                          0x00000000   Number         0  scanf_fp.o ABSOLUTE
    ../clib/scanf.c                          0x00000000   Number         0  strtol.o ABSOLUTE
    ../clib/scanf.c                          0x00000000   Number         0  strtod.o ABSOLUTE
    ../clib/scanf.c                          0x00000000   Number         0  atoi.o ABSOLUTE
    ../clib/scanf.c                          0x00000000   Number         0  _chval.o ABSOLUTE
    ../clib/scanf.c                          0x00000000   Number         0  _strtoul.o ABSOLUTE
    ../clib/scanf.c                          0x00000000   Number         0  _sgetc.o ABSOLUTE
    ../fplib/microlib/d2f.c                  0x00000000   Number         0  d2f.o ABSOLUTE
    ../fplib/microlib/f2d.c                  0x00000000   Number         0  f2d.o ABSOLUTE
    ../fplib/microlib/fpadd.c                0x00000000   Number         0  fadd.o ABSOLUTE
    ../fplib/microlib/fpadd.c                0x00000000   Number         0  dadd.o ABSOLUTE
    ../fplib/microlib/fpdiv.c                0x00000000   Number         0  fdiv.o ABSOLUTE
    ../fplib/microlib/fpdiv.c                0x00000000   Number         0  ddiv.o ABSOLUTE
    ../fplib/microlib/fpepilogue.c           0x00000000   Number         0  fepilogue.o ABSOLUTE
    ../fplib/microlib/fpepilogue.c           0x00000000   Number         0  depilogue.o ABSOLUTE
    ../fplib/microlib/fpfix.c                0x00000000   Number         0  ffixi.o ABSOLUTE
    ../fplib/microlib/fpfix.c                0x00000000   Number         0  dfixul.o ABSOLUTE
    ../fplib/microlib/fpflt.c                0x00000000   Number         0  fflti.o ABSOLUTE
    ../fplib/microlib/fpflt.c                0x00000000   Number         0  dfltul.o ABSOLUTE
    ../fplib/microlib/fpmul.c                0x00000000   Number         0  dmul.o ABSOLUTE
    ../mathlib/atof.c                        0x00000000   Number         0  atof.o ABSOLUTE
    ..\..\..\..\library\HT32F5xxxx_Driver\src\ht32_cm0plus_misc.c 0x00000000   Number         0  ht32_cm0plus_misc.o ABSOLUTE
    ..\..\..\..\library\HT32F5xxxx_Driver\src\ht32_retarget.c 0x00000000   Number         0  ht32_retarget.o ABSOLUTE
    ..\..\..\..\library\HT32F5xxxx_Driver\src\ht32_serial.c 0x00000000   Number         0  ht32_serial.o ABSOLUTE
    ..\..\..\..\library\HT32F5xxxx_Driver\src\ht32f5xxxx_adc.c 0x00000000   Number         0  ht32f5xxxx_adc.o ABSOLUTE
    ..\..\..\..\library\HT32F5xxxx_Driver\src\ht32f5xxxx_aes.c 0x00000000   Number         0  ht32f5xxxx_aes.o ABSOLUTE
    ..\..\..\..\library\HT32F5xxxx_Driver\src\ht32f5xxxx_bftm.c 0x00000000   Number         0  ht32f5xxxx_bftm.o ABSOLUTE
    ..\..\..\..\library\HT32F5xxxx_Driver\src\ht32f5xxxx_ckcu.c 0x00000000   Number         0  ht32f5xxxx_ckcu.o ABSOLUTE
    ..\..\..\..\library\HT32F5xxxx_Driver\src\ht32f5xxxx_cmp.c 0x00000000   Number         0  ht32f5xxxx_cmp.o ABSOLUTE
    ..\..\..\..\library\HT32F5xxxx_Driver\src\ht32f5xxxx_crc.c 0x00000000   Number         0  ht32f5xxxx_crc.o ABSOLUTE
    ..\..\..\..\library\HT32F5xxxx_Driver\src\ht32f5xxxx_dac.c 0x00000000   Number         0  ht32f5xxxx_dac.o ABSOLUTE
    ..\..\..\..\library\HT32F5xxxx_Driver\src\ht32f5xxxx_div.c 0x00000000   Number         0  ht32f5xxxx_div.o ABSOLUTE
    ..\..\..\..\library\HT32F5xxxx_Driver\src\ht32f5xxxx_ebi.c 0x00000000   Number         0  ht32f5xxxx_ebi.o ABSOLUTE
    ..\..\..\..\library\HT32F5xxxx_Driver\src\ht32f5xxxx_exti.c 0x00000000   Number         0  ht32f5xxxx_exti.o ABSOLUTE
    ..\..\..\..\library\HT32F5xxxx_Driver\src\ht32f5xxxx_flash.c 0x00000000   Number         0  ht32f5xxxx_flash.o ABSOLUTE
    ..\..\..\..\library\HT32F5xxxx_Driver\src\ht32f5xxxx_gpio.c 0x00000000   Number         0  ht32f5xxxx_gpio.o ABSOLUTE
    ..\..\..\..\library\HT32F5xxxx_Driver\src\ht32f5xxxx_i2c.c 0x00000000   Number         0  ht32f5xxxx_i2c.o ABSOLUTE
    ..\..\..\..\library\HT32F5xxxx_Driver\src\ht32f5xxxx_i2s.c 0x00000000   Number         0  ht32f5xxxx_i2s.o ABSOLUTE
    ..\..\..\..\library\HT32F5xxxx_Driver\src\ht32f5xxxx_mctm.c 0x00000000   Number         0  ht32f5xxxx_mctm.o ABSOLUTE
    ..\..\..\..\library\HT32F5xxxx_Driver\src\ht32f5xxxx_pdma.c 0x00000000   Number         0  ht32f5xxxx_pdma.o ABSOLUTE
    ..\..\..\..\library\HT32F5xxxx_Driver\src\ht32f5xxxx_pwrcu.c 0x00000000   Number         0  ht32f5xxxx_pwrcu.o ABSOLUTE
    ..\..\..\..\library\HT32F5xxxx_Driver\src\ht32f5xxxx_rstcu.c 0x00000000   Number         0  ht32f5xxxx_rstcu.o ABSOLUTE
    ..\..\..\..\library\HT32F5xxxx_Driver\src\ht32f5xxxx_rtc.c 0x00000000   Number         0  ht32f5xxxx_rtc.o ABSOLUTE
    ..\..\..\..\library\HT32F5xxxx_Driver\src\ht32f5xxxx_sci.c 0x00000000   Number         0  ht32f5xxxx_sci.o ABSOLUTE
    ..\..\..\..\library\HT32F5xxxx_Driver\src\ht32f5xxxx_spi.c 0x00000000   Number         0  ht32f5xxxx_spi.o ABSOLUTE
    ..\..\..\..\library\HT32F5xxxx_Driver\src\ht32f5xxxx_tm.c 0x00000000   Number         0  ht32f5xxxx_tm.o ABSOLUTE
    ..\..\..\..\library\HT32F5xxxx_Driver\src\ht32f5xxxx_usart.c 0x00000000   Number         0  ht32f5xxxx_usart.o ABSOLUTE
    ..\..\..\..\library\HT32F5xxxx_Driver\src\ht32f5xxxx_usbd.c 0x00000000   Number         0  ht32f5xxxx_usbd.o ABSOLUTE
    ..\..\..\..\library\HT32F5xxxx_Driver\src\ht32f5xxxx_wdt.c 0x00000000   Number         0  ht32f5xxxx_wdt.o ABSOLUTE
    ..\..\..\..\library\HT32_USBD_Library\src\ht32_usbd_core.c 0x00000000   Number         0  ht32_usbd_core.o ABSOLUTE
    ..\..\..\..\utilities\common\ebi_lcd.c   0x00000000   Number         0  ebi_lcd.o ABSOLUTE
    ..\..\..\..\utilities\common\i2c_eeprom.c 0x00000000   Number         0  i2c_eeprom.o ABSOLUTE
    ..\..\..\..\utilities\common\spi_flash.c 0x00000000   Number         0  spi_flash.o ABSOLUTE
    ..\..\..\..\utilities\ht32_board.c       0x00000000   Number         0  ht32_board.o ABSOLUTE
    ..\\..\\..\\..\\library\\HT32F5xxxx_Driver\\src\\ht32_cm0plus_misc.c 0x00000000   Number         0  ht32_cm0plus_misc.o ABSOLUTE
    ..\\..\\..\\..\\library\\HT32F5xxxx_Driver\\src\\ht32_retarget.c 0x00000000   Number         0  ht32_retarget.o ABSOLUTE
    ..\\..\\..\\..\\library\\HT32F5xxxx_Driver\\src\\ht32_serial.c 0x00000000   Number         0  ht32_serial.o ABSOLUTE
    ..\\..\\..\\..\\library\\HT32F5xxxx_Driver\\src\\ht32f5xxxx_adc.c 0x00000000   Number         0  ht32f5xxxx_adc.o ABSOLUTE
    ..\\..\\..\\..\\library\\HT32F5xxxx_Driver\\src\\ht32f5xxxx_aes.c 0x00000000   Number         0  ht32f5xxxx_aes.o ABSOLUTE
    ..\\..\\..\\..\\library\\HT32F5xxxx_Driver\\src\\ht32f5xxxx_bftm.c 0x00000000   Number         0  ht32f5xxxx_bftm.o ABSOLUTE
    ..\\..\\..\\..\\library\\HT32F5xxxx_Driver\\src\\ht32f5xxxx_ckcu.c 0x00000000   Number         0  ht32f5xxxx_ckcu.o ABSOLUTE
    ..\\..\\..\\..\\library\\HT32F5xxxx_Driver\\src\\ht32f5xxxx_cmp.c 0x00000000   Number         0  ht32f5xxxx_cmp.o ABSOLUTE
    ..\\..\\..\\..\\library\\HT32F5xxxx_Driver\\src\\ht32f5xxxx_crc.c 0x00000000   Number         0  ht32f5xxxx_crc.o ABSOLUTE
    ..\\..\\..\\..\\library\\HT32F5xxxx_Driver\\src\\ht32f5xxxx_dac.c 0x00000000   Number         0  ht32f5xxxx_dac.o ABSOLUTE
    ..\\..\\..\\..\\library\\HT32F5xxxx_Driver\\src\\ht32f5xxxx_div.c 0x00000000   Number         0  ht32f5xxxx_div.o ABSOLUTE
    ..\\..\\..\\..\\library\\HT32F5xxxx_Driver\\src\\ht32f5xxxx_ebi.c 0x00000000   Number         0  ht32f5xxxx_ebi.o ABSOLUTE
    ..\\..\\..\\..\\library\\HT32F5xxxx_Driver\\src\\ht32f5xxxx_exti.c 0x00000000   Number         0  ht32f5xxxx_exti.o ABSOLUTE
    ..\\..\\..\\..\\library\\HT32F5xxxx_Driver\\src\\ht32f5xxxx_flash.c 0x00000000   Number         0  ht32f5xxxx_flash.o ABSOLUTE
    ..\\..\\..\\..\\library\\HT32F5xxxx_Driver\\src\\ht32f5xxxx_gpio.c 0x00000000   Number         0  ht32f5xxxx_gpio.o ABSOLUTE
    ..\\..\\..\\..\\library\\HT32F5xxxx_Driver\\src\\ht32f5xxxx_i2c.c 0x00000000   Number         0  ht32f5xxxx_i2c.o ABSOLUTE
    ..\\..\\..\\..\\library\\HT32F5xxxx_Driver\\src\\ht32f5xxxx_i2s.c 0x00000000   Number         0  ht32f5xxxx_i2s.o ABSOLUTE
    ..\\..\\..\\..\\library\\HT32F5xxxx_Driver\\src\\ht32f5xxxx_mctm.c 0x00000000   Number         0  ht32f5xxxx_mctm.o ABSOLUTE
    ..\\..\\..\\..\\library\\HT32F5xxxx_Driver\\src\\ht32f5xxxx_pdma.c 0x00000000   Number         0  ht32f5xxxx_pdma.o ABSOLUTE
    ..\\..\\..\\..\\library\\HT32F5xxxx_Driver\\src\\ht32f5xxxx_pwrcu.c 0x00000000   Number         0  ht32f5xxxx_pwrcu.o ABSOLUTE
    ..\\..\\..\\..\\library\\HT32F5xxxx_Driver\\src\\ht32f5xxxx_rstcu.c 0x00000000   Number         0  ht32f5xxxx_rstcu.o ABSOLUTE
    ..\\..\\..\\..\\library\\HT32F5xxxx_Driver\\src\\ht32f5xxxx_rtc.c 0x00000000   Number         0  ht32f5xxxx_rtc.o ABSOLUTE
    ..\\..\\..\\..\\library\\HT32F5xxxx_Driver\\src\\ht32f5xxxx_sci.c 0x00000000   Number         0  ht32f5xxxx_sci.o ABSOLUTE
    ..\\..\\..\\..\\library\\HT32F5xxxx_Driver\\src\\ht32f5xxxx_spi.c 0x00000000   Number         0  ht32f5xxxx_spi.o ABSOLUTE
    ..\\..\\..\\..\\library\\HT32F5xxxx_Driver\\src\\ht32f5xxxx_tm.c 0x00000000   Number         0  ht32f5xxxx_tm.o ABSOLUTE
    ..\\..\\..\\..\\library\\HT32F5xxxx_Driver\\src\\ht32f5xxxx_usart.c 0x00000000   Number         0  ht32f5xxxx_usart.o ABSOLUTE
    ..\\..\\..\\..\\library\\HT32F5xxxx_Driver\\src\\ht32f5xxxx_usbd.c 0x00000000   Number         0  ht32f5xxxx_usbd.o ABSOLUTE
    ..\\..\\..\\..\\library\\HT32F5xxxx_Driver\\src\\ht32f5xxxx_wdt.c 0x00000000   Number         0  ht32f5xxxx_wdt.o ABSOLUTE
    ..\\..\\..\\..\\library\\HT32_USBD_Library\\src\\ht32_usbd_core.c 0x00000000   Number         0  ht32_usbd_core.o ABSOLUTE
    ..\\..\\..\\..\\utilities\\common\\ebi_lcd.c 0x00000000   Number         0  ebi_lcd.o ABSOLUTE
    ..\\..\\..\\..\\utilities\\common\\i2c_eeprom.c 0x00000000   Number         0  i2c_eeprom.o ABSOLUTE
    ..\\..\\..\\..\\utilities\\common\\spi_flash.c 0x00000000   Number         0  spi_flash.o ABSOLUTE
    ..\\..\\..\\..\\utilities\\ht32_board.c  0x00000000   Number         0  ht32_board.o ABSOLUTE
    ..\\gps\\inc\\AT_COMMAND.c               0x00000000   Number         0  at_command.o ABSOLUTE
    ..\\gps\\inc\\GPS.c                      0x00000000   Number         0  gps.o ABSOLUTE
    ..\\gps\\inc\\mqtt.c                     0x00000000   Number         0  mqtt.o ABSOLUTE
    ..\\ht32f5xxxx_01_it.c                   0x00000000   Number         0  ht32f5xxxx_01_it.o ABSOLUTE
    ..\\i2c\\i2c.c                           0x00000000   Number         0  i2c.o ABSOLUTE
    ..\\main.c                               0x00000000   Number         0  main.o ABSOLUTE
    ..\\mpu6050\\mpu6050.c                   0x00000000   Number         0  mpu6050.o ABSOLUTE
    ..\\system_ht32f5xxxx_03.c               0x00000000   Number         0  system_ht32f5xxxx_03.o ABSOLUTE
    ..\\time\\ht32_time.c                    0x00000000   Number         0  ht32_time.o ABSOLUTE
    ..\gps\inc\AT_COMMAND.c                  0x00000000   Number         0  at_command.o ABSOLUTE
    ..\gps\inc\GPS.c                         0x00000000   Number         0  gps.o ABSOLUTE
    ..\gps\inc\mqtt.c                        0x00000000   Number         0  mqtt.o ABSOLUTE
    ..\ht32f5xxxx_01_it.c                    0x00000000   Number         0  ht32f5xxxx_01_it.o ABSOLUTE
    ..\i2c\i2c.c                             0x00000000   Number         0  i2c.o ABSOLUTE
    ..\main.c                                0x00000000   Number         0  main.o ABSOLUTE
    ..\mpu6050\mpu6050.c                     0x00000000   Number         0  mpu6050.o ABSOLUTE
    ..\system_ht32f5xxxx_03.c                0x00000000   Number         0  system_ht32f5xxxx_03.o ABSOLUTE
    ..\time\ht32_time.c                      0x00000000   Number         0  ht32_time.o ABSOLUTE
    cdrcmple.s                               0x00000000   Number         0  cdrcmple.o ABSOLUTE
    dc.s                                     0x00000000   Number         0  dc.o ABSOLUTE
    handlers.s                               0x00000000   Number         0  handlers.o ABSOLUTE
    ht32_op.s                                0x00000000   Number         0  ht32_op.o ABSOLUTE
    init.s                                   0x00000000   Number         0  init.o ABSOLUTE
    startup_ht32f5xxxx_03.s                  0x00000000   Number         0  startup_ht32f5xxxx_03.o ABSOLUTE
    BootProcess                              0x000000cd   Thumb Code    94  startup_ht32f5xxxx_03.o(RESET)
    .ARM.Collect$$$$00000000                 0x00000164   Section        0  entry.o(.ARM.Collect$$$$00000000)
    .ARM.Collect$$$$00000001                 0x00000164   Section        4  entry2.o(.ARM.Collect$$$$00000001)
    .ARM.Collect$$$$00000004                 0x00000168   Section        4  entry5.o(.ARM.Collect$$$$00000004)
    .ARM.Collect$$$$00000008                 0x0000016c   Section        0  entry7b.o(.ARM.Collect$$$$00000008)
    .ARM.Collect$$$$0000000A                 0x0000016c   Section        0  entry8b.o(.ARM.Collect$$$$0000000A)
    .ARM.Collect$$$$0000000B                 0x0000016c   Section        8  entry9a.o(.ARM.Collect$$$$0000000B)
    .ARM.Collect$$$$0000000D                 0x00000174   Section        0  entry10a.o(.ARM.Collect$$$$0000000D)
    .ARM.Collect$$$$0000000F                 0x00000174   Section        0  entry11a.o(.ARM.Collect$$$$0000000F)
    .ARM.Collect$$$$00002712                 0x00000174   Section        4  entry2.o(.ARM.Collect$$$$00002712)
    __lit__00000000                          0x00000174   Data           4  entry2.o(.ARM.Collect$$$$00002712)
    .text                                    0x00000178   Section        0  uidiv.o(.text)
    .text                                    0x000001a4   Section        0  idiv.o(.text)
    .text                                    0x000001cc   Section        0  memseta.o(.text)
    .text                                    0x000001f0   Section        0  strstr.o(.text)
    .text                                    0x00000218   Section        0  strncpy.o(.text)
    .text                                    0x00000232   Section        0  strlen.o(.text)
    .text                                    0x00000240   Section        0  strcpy.o(.text)
    .text                                    0x00000252   Section        0  atoi.o(.text)
    .text                                    0x0000026c   Section        0  fadd.o(.text)
    .text                                    0x0000031e   Section        0  fdiv.o(.text)
    .text                                    0x0000039a   Section        0  fflti.o(.text)
    .text                                    0x000003b0   Section        0  ffixi.o(.text)
    .text                                    0x000003e2   Section        0  f2d.o(.text)
    .text                                    0x0000040a   Section        0  d2f.o(.text)
    .text                                    0x00000442   Section        0  uldiv.o(.text)
    .text                                    0x000004a4   Section        0  strtod.o(.text)
    _local_sscanf                            0x000004a5   Thumb Code    54  strtod.o(.text)
    .text                                    0x00000548   Section        0  strtol.o(.text)
    .text                                    0x000005b8   Section        0  iusefp.o(.text)
    .text                                    0x000005b8   Section        0  fepilogue.o(.text)
    .text                                    0x0000063c   Section        0  dadd.o(.text)
    .text                                    0x000007a0   Section        0  dmul.o(.text)
    .text                                    0x00000870   Section        0  ddiv.o(.text)
    .text                                    0x00000960   Section        0  dfixul.o(.text)
    .text                                    0x000009a0   Section       40  cdrcmple.o(.text)
    .text                                    0x000009c8   Section       36  init.o(.text)
    .text                                    0x000009ec   Section        0  llshl.o(.text)
    .text                                    0x00000a0c   Section        0  llushr.o(.text)
    .text                                    0x00000a2e   Section        0  llsshr.o(.text)
    .text                                    0x00000a54   Section        0  ctype_o.o(.text)
    .text                                    0x00000a5c   Section        0  isspace_o.o(.text)
    .text                                    0x00000a70   Section        0  scanf_fp.o(.text)
    _fp_value                                0x00000a71   Thumb Code   246  scanf_fp.o(.text)
    .text                                    0x00000dbc   Section        0  _sgetc.o(.text)
    .text                                    0x00000e00   Section        0  _strtoul.o(.text)
    .text                                    0x00000ea6   Section        0  depilogue.o(.text)
    .text                                    0x00000f64   Section        0  llmul.o(.text)
    .text                                    0x00000fde   Section        0  _chval.o(.text)
    .text                                    0x00000ffc   Section        0  dfltul.o(.text)
    i.AFIO_EXTISourceConfig                  0x00001018   Section        0  ht32f5xxxx_gpio.o(i.AFIO_EXTISourceConfig)
    i.AFIO_GPxConfig                         0x00001044   Section        0  ht32f5xxxx_gpio.o(i.AFIO_GPxConfig)
    i.ATCommand_RX_Process                   0x0000109c   Section        0  at_command.o(i.ATCommand_RX_Process)
    i.BFTM_EnaCmd                            0x0000120c   Section        0  ht32f5xxxx_bftm.o(i.BFTM_EnaCmd)
    i.BFTM_SetCounter                        0x0000121e   Section        0  ht32f5xxxx_bftm.o(i.BFTM_SetCounter)
    i.CKCU_Configuration                     0x00001222   Section        0  mpu6050.o(i.CKCU_Configuration)
    i.CKCU_GetClockReadyStatus               0x00001238   Section        0  ht32f5xxxx_ckcu.o(i.CKCU_GetClockReadyStatus)
    i.CKCU_GetClocksFrequency                0x0000124c   Section        0  ht32f5xxxx_ckcu.o(i.CKCU_GetClocksFrequency)
    i.CKCU_GetPLLFrequency                   0x000012b8   Section        0  ht32f5xxxx_ckcu.o(i.CKCU_GetPLLFrequency)
    i.CKCU_GetPeripFrequency                 0x000012f8   Section        0  ht32f5xxxx_ckcu.o(i.CKCU_GetPeripFrequency)
    i.CKCU_PeripClockConfig                  0x0000132c   Section        0  ht32f5xxxx_ckcu.o(i.CKCU_PeripClockConfig)
    i.CKCU_SetPeripPrescaler                 0x00001354   Section        0  ht32f5xxxx_ckcu.o(i.CKCU_SetPeripPrescaler)
    i.Check_ATC_wait                         0x0000137c   Section        0  mqtt.o(i.Check_ATC_wait)
    i.Config_GPIO                            0x000013c0   Section        0  main.o(i.Config_GPIO)
    i.Configure_AT_Command                   0x000014dc   Section        0  at_command.o(i.Configure_AT_Command)
    i.Conver_DateTime                        0x00001528   Section        0  gps.o(i.Conver_DateTime)
    i.EVWUP_IRQHandler                       0x000015d4   Section        0  ht32f5xxxx_01_it.o(i.EVWUP_IRQHandler)
    i.EXTI_ClearWakeupFlag                   0x00001614   Section        0  ht32f5xxxx_exti.o(i.EXTI_ClearWakeupFlag)
    i.EXTI_Configuration                     0x00001628   Section        0  main.o(i.EXTI_Configuration)
    i.EXTI_GetWakeupFlagStatus               0x0000167c   Section        0  ht32f5xxxx_exti.o(i.EXTI_GetWakeupFlagStatus)
    i.EXTI_WakeupEventConfig                 0x00001694   Section        0  ht32f5xxxx_exti.o(i.EXTI_WakeupEventConfig)
    i.EXTI_WakeupEventIntConfig              0x000016c0   Section        0  ht32f5xxxx_exti.o(i.EXTI_WakeupEventIntConfig)
    i.GPIO_ClearOutBits                      0x000016dc   Section        0  ht32f5xxxx_gpio.o(i.GPIO_ClearOutBits)
    i.GPIO_DirectionConfig                   0x000016e0   Section        0  ht32f5xxxx_gpio.o(i.GPIO_DirectionConfig)
    i.GPIO_DriveConfig                       0x000016f0   Section        0  ht32f5xxxx_gpio.o(i.GPIO_DriveConfig)
    i.GPIO_IN_Configuration                  0x00001720   Section        0  mpu6050.o(i.GPIO_IN_Configuration)
    i.GPIO_InputConfig                       0x000017b0   Section        0  ht32f5xxxx_gpio.o(i.GPIO_InputConfig)
    i.GPIO_PullResistorConfig                0x000017c0   Section        0  ht32f5xxxx_gpio.o(i.GPIO_PullResistorConfig)
    i.GPIO_ReadInBit                         0x000017ea   Section        0  ht32f5xxxx_gpio.o(i.GPIO_ReadInBit)
    i.GPIO_SetOutBits                        0x000017f4   Section        0  ht32f5xxxx_gpio.o(i.GPIO_SetOutBits)
    i.GPIO_WriteOutBits                      0x000017f8   Section        0  ht32f5xxxx_gpio.o(i.GPIO_WriteOutBits)
    i.GPS_RX_Process                         0x00001804   Section        0  gps.o(i.GPS_RX_Process)
    i.HT32F_DVB_LEDInit                      0x00001a18   Section        0  ht32_board.o(i.HT32F_DVB_LEDInit)
    i.HT32F_DVB_LEDOff                       0x00001a70   Section        0  ht32_board.o(i.HT32F_DVB_LEDOff)
    i.HT32F_DVB_LEDOn                        0x00001a88   Section        0  ht32_board.o(i.HT32F_DVB_LEDOn)
    i.HT32F_DVB_LEDToggle                    0x00001aa0   Section        0  ht32_board.o(i.HT32F_DVB_LEDToggle)
    i.HardFault_Handler                      0x00001ac0   Section        0  ht32f5xxxx_01_it.o(i.HardFault_Handler)
    i.I2C_CheckStatus                        0x00001ad0   Section        0  ht32f5xxxx_i2c.o(i.I2C_CheckStatus)
    i.I2C_Cmd                                0x00001ade   Section        0  ht32f5xxxx_i2c.o(i.I2C_Cmd)
    i.I2C_Configuration                      0x00001af0   Section        0  i2c.o(i.I2C_Configuration)
    i.I2C_GenerateSTOP                       0x00001b48   Section        0  ht32f5xxxx_i2c.o(i.I2C_GenerateSTOP)
    i.I2C_Init                               0x00001b54   Section        0  ht32f5xxxx_i2c.o(i.I2C_Init)
    i.I2C_Master_Transmitter                 0x00001bf0   Section        0  i2c.o(i.I2C_Master_Transmitter)
    i.I2C_ReadRegister                       0x00001c68   Section        0  ht32f5xxxx_i2c.o(i.I2C_ReadRegister)
    i.I2C_SendData                           0x00001c72   Section        0  ht32f5xxxx_i2c.o(i.I2C_SendData)
    i.I2C_TargetAddressConfig                0x00001c76   Section        0  ht32f5xxxx_i2c.o(i.I2C_TargetAddressConfig)
    i.LowPower_Enter                         0x00001c8a   Section        0  main.o(i.LowPower_Enter)
    i.MQTT_Connect_Start                     0x00001cac   Section        0  mqtt.o(i.MQTT_Connect_Start)
    i.MQTT_Disconnect_Start                  0x00001de8   Section        0  mqtt.o(i.MQTT_Disconnect_Start)
    i.MQTT_PubDataTopic                      0x00001edc   Section        0  mqtt.o(i.MQTT_PubDataTopic)
    i.MQTT_SubTopic                          0x00002124   Section        0  mqtt.o(i.MQTT_SubTopic)
    i.NMI_Handler                            0x0000228c   Section        0  ht32f5xxxx_01_it.o(i.NMI_Handler)
    i.PWRCU_CheckReadyAccessed               0x00002290   Section        0  ht32f5xxxx_pwrcu.o(i.PWRCU_CheckReadyAccessed)
    i.PWRCU_DeInit                           0x000022b0   Section        0  ht32f5xxxx_pwrcu.o(i.PWRCU_DeInit)
    i.PWRCU_DeepSleep1                       0x000022cc   Section        0  ht32f5xxxx_pwrcu.o(i.PWRCU_DeepSleep1)
    i.PendSV_Handler                         0x00002328   Section        0  ht32f5xxxx_01_it.o(i.PendSV_Handler)
    i.RTC_ClockSourceConfig                  0x0000232c   Section        0  ht32f5xxxx_rtc.o(i.RTC_ClockSourceConfig)
    i.RTC_Cmd                                0x00002340   Section        0  ht32f5xxxx_rtc.o(i.RTC_Cmd)
    i.RTC_Configuration                      0x0000235c   Section        0  main.o(i.RTC_Configuration)
    i.RTC_GetCounter                         0x000023ac   Section        0  ht32f5xxxx_rtc.o(i.RTC_GetCounter)
    i.RTC_GetFlagStatus                      0x000023b8   Section        0  ht32f5xxxx_rtc.o(i.RTC_GetFlagStatus)
    i.RTC_LSECmd                             0x000023c4   Section        0  ht32f5xxxx_rtc.o(i.RTC_LSECmd)
    i.RTC_LSESMConfig                        0x000023f0   Section        0  ht32f5xxxx_rtc.o(i.RTC_LSESMConfig)
    i.RTC_SetCompare                         0x00002404   Section        0  ht32f5xxxx_rtc.o(i.RTC_SetCompare)
    i.RTC_SetPrescaler                       0x00002410   Section        0  ht32f5xxxx_rtc.o(i.RTC_SetPrescaler)
    i.RTC_WakeupConfig                       0x00002424   Section        0  ht32f5xxxx_rtc.o(i.RTC_WakeupConfig)
    i.SVC_Handler                            0x0000243c   Section        0  ht32f5xxxx_01_it.o(i.SVC_Handler)
    i.Simcom_ATC_SendATCommand               0x00002440   Section        0  at_command.o(i.Simcom_ATC_SendATCommand)
    i.Simcom_ATResponse_Callback             0x00002498   Section        0  at_command.o(i.Simcom_ATResponse_Callback)
    i.Simcom_SendATCommand                   0x000024c0   Section        0  at_command.o(i.Simcom_SendATCommand)
    i.SysTick_Handler                        0x000024d8   Section        0  at_command.o(i.SysTick_Handler)
    i.SystemInit                             0x00002534   Section        0  system_ht32f5xxxx_03.o(i.SystemInit)
    i.Time_Delay                             0x00002628   Section        0  ht32_time.o(i.Time_Delay)
    i.Time_Init                              0x0000263c   Section        0  ht32_time.o(i.Time_Init)
    i.USART0_IRQHandler                      0x0000266c   Section        0  gps.o(i.USART0_IRQHandler)
    i.USART1_IRQHandler                      0x000026d4   Section        0  at_command.o(i.USART1_IRQHandler)
    i.USART_ClearFlag                        0x00002758   Section        0  ht32f5xxxx_usart.o(i.USART_ClearFlag)
    i.USART_GetFIFOStatus                    0x00002760   Section        0  ht32f5xxxx_usart.o(i.USART_GetFIFOStatus)
    i.USART_GetFlagStatus                    0x00002772   Section        0  ht32f5xxxx_usart.o(i.USART_GetFlagStatus)
    i.USART_Init                             0x0000277c   Section        0  ht32f5xxxx_usart.o(i.USART_Init)
    i.USART_IntConfig                        0x00002830   Section        0  ht32f5xxxx_usart.o(i.USART_IntConfig)
    i.USART_ReceiveData                      0x00002840   Section        0  ht32f5xxxx_usart.o(i.USART_ReceiveData)
    i.USART_SendData                         0x00002846   Section        0  ht32f5xxxx_usart.o(i.USART_SendData)
    i.USART_SetTimeOutValue                  0x0000284a   Section        0  ht32f5xxxx_usart.o(i.USART_SetTimeOutValue)
    i.USART_TXRXTLConfig                     0x0000285a   Section        0  ht32f5xxxx_usart.o(i.USART_TXRXTLConfig)
    i.USART_TxRxCmd                          0x0000286e   Section        0  ht32f5xxxx_usart.o(i.USART_TxRxCmd)
    i.UxART1_Configuration                   0x00002884   Section        0  main.o(i.UxART1_Configuration)
    i.UxART1_TxTest                          0x00002930   Section        0  at_command.o(i.UxART1_TxTest)
    i.UxART_Configuration                    0x00002990   Section        0  main.o(i.UxART_Configuration)
    i._HT32F_DVB_ClockConfig                 0x00002a38   Section        0  ht32_board.o(i._HT32F_DVB_ClockConfig)
    _HT32F_DVB_ClockConfig                   0x00002a39   Thumb Code    86  ht32_board.o(i._HT32F_DVB_ClockConfig)
    i.__0sprintf                             0x00002a90   Section        0  printfa.o(i.__0sprintf)
    i.__ARM_clz                              0x00002ab8   Section        0  depilogue.o(i.__ARM_clz)
    i.__ARM_common_switch8                   0x00002ae6   Section        0  ht32f5xxxx_ckcu.o(i.__ARM_common_switch8)
    i.__aeabi_errno_addr                     0x00002b00   Section        0  errno.o(i.__aeabi_errno_addr)
    i.__read_errno                           0x00002b08   Section        0  errno.o(i.__read_errno)
    i.__scatterload_copy                     0x00002b14   Section       14  handlers.o(i.__scatterload_copy)
    i.__scatterload_null                     0x00002b22   Section        2  handlers.o(i.__scatterload_null)
    i.__scatterload_zeroinit                 0x00002b24   Section       14  handlers.o(i.__scatterload_zeroinit)
    i.__set_errno                            0x00002b34   Section        0  errno.o(i.__set_errno)
    i._fp_digits                             0x00002b40   Section        0  printfa.o(i._fp_digits)
    _fp_digits                               0x00002b41   Thumb Code   316  printfa.o(i._fp_digits)
    i._is_digit                              0x00002c98   Section        0  scanf_fp.o(i._is_digit)
    i._printf_core                           0x00002ca8   Section        0  printfa.o(i._printf_core)
    _printf_core                             0x00002ca9   Thumb Code  1754  printfa.o(i._printf_core)
    i._printf_post_padding                   0x00003394   Section        0  printfa.o(i._printf_post_padding)
    _printf_post_padding                     0x00003395   Thumb Code    32  printfa.o(i._printf_post_padding)
    i._printf_pre_padding                    0x000033b4   Section        0  printfa.o(i._printf_pre_padding)
    _printf_pre_padding                      0x000033b5   Thumb Code    44  printfa.o(i._printf_pre_padding)
    i._sputc                                 0x000033e0   Section        0  printfa.o(i._sputc)
    _sputc                                   0x000033e1   Thumb Code    10  printfa.o(i._sputc)
    i.atof                                   0x000033ea   Section        0  atof.o(i.atof)
    i.check_cd                               0x00003414   Section        0  main.o(i.check_cd)
    i.deepsleep                              0x000034a8   Section        0  main.o(i.deepsleep)
    i.filter_comma                           0x000034dc   Section        0  gps.o(i.filter_comma)
    i.filter_comma_v2                        0x00003584   Section        0  at_command.o(i.filter_comma_v2)
    i.main                                   0x0000360c   Section        0  main.o(i.main)
    i.mpu6050_configINT                      0x000039bc   Section        0  mpu6050.o(i.mpu6050_configINT)
    i.mpu6050_write                          0x00003a0c   Section        0  mpu6050.o(i.mpu6050_write)
    .constdata                               0x00003a2c   Section      121  main.o(.constdata)
    .constdata                               0x00003aa8   Section       68  ht32_board.o(.constdata)
    .constdata                               0x00003aec   Section      129  ctype_o.o(.constdata)
    .constdata                               0x00003b70   Section        4  ctype_o.o(.constdata)
    table                                    0x00003b70   Data           4  ctype_o.o(.constdata)
    .conststring                             0x00003b74   Section      112  gps.o(.conststring)
    .conststring                             0x00003be4   Section      124  mqtt.o(.conststring)
    .data                                    0x20000000   Section       40  main.o(.data)
    .data                                    0x20000028   Section        1  main.o(.data)
    .data                                    0x2000002c   Section        4  main.o(.data)
    .data                                    0x20000030   Section        4  main.o(.data)
    .data                                    0x20000034   Section        4  main.o(.data)
    .data                                    0x20000038   Section        4  main.o(.data)
    .data                                    0x2000003c   Section        4  main.o(.data)
    .data                                    0x20000040   Section        4  main.o(.data)
    .data                                    0x20000044   Section        4  main.o(.data)
    .data                                    0x20000048   Section        2  main.o(.data)
    .data                                    0x2000004c   Section        4  main.o(.data)
    .data                                    0x20000050   Section        4  ht32f5xxxx_01_it.o(.data)
    gIsContinue                              0x20000050   Data           4  ht32f5xxxx_01_it.o(.data)
    .data                                    0x20000054   Section        4  system_ht32f5xxxx_03.o(.data)
    .data                                    0x20000058   Section       20  at_command.o(.data)
    .data                                    0x2000006c   Section        8  gps.o(.data)
    .data                                    0x20000074   Section        4  errno.o(.data)
    _errno                                   0x20000074   Data           4  errno.o(.data)
    .bss                                     0x20000078   Section       28  main.o(.bss)
    .bss                                     0x20000094   Section     3120  main.o(.bss)
    .bss                                     0x20000cc4   Section     1168  main.o(.bss)
    .bss                                     0x20001154   Section     4108  main.o(.bss)
    .bss                                     0x20002160   Section      128  main.o(.bss)
    .bss                                     0x200021e0   Section      304  main.o(.bss)
    .bss                                     0x20002310   Section      128  main.o(.bss)
    .bss                                     0x20002390   Section      128  main.o(.bss)
    .bss                                     0x20002410   Section       50  main.o(.bss)
    .bss                                     0x20002442   Section       50  main.o(.bss)
    .bss                                     0x20002474   Section       50  main.o(.bss)
    STACK                                    0x200024a8   Section      512  startup_ht32f5xxxx_03.o(STACK)

    Global Symbols

    Symbol Name                              Value     Ov Type        Size  Object(Section)

    BuildAttributes$$THM_ISAv3M$S$PE$A:L22$X:L11$S22$IEEE1$IW$USESV6$~STKCKD$USESV7$~SHL$OTIME$ROPI$IEEEJ$EBA8$MICROLIB$REQ8$PRES8$EABIv2 0x00000000   Number         0  anon$$obj.o ABSOLUTE
    __ARM_use_no_argv                        0x00000000   Number         0  main.o ABSOLUTE
    __Vectors                                0x00000000   Data           0  startup_ht32f5xxxx_03.o(RESET)
    __use_no_errno                           0x00000000   Number         0  useno.o ABSOLUTE
    __use_no_exception_handling              0x00000000   Number         0  useno.o ABSOLUTE
    __use_no_fp                              0x00000000   Number         0  useno.o ABSOLUTE
    __use_no_heap                            0x00000000   Number         0  useno.o ABSOLUTE
    __use_no_heap_region                     0x00000000   Number         0  useno.o ABSOLUTE
    __use_no_semihosting                     0x00000000   Number         0  useno.o ABSOLUTE
    __use_no_semihosting_swi                 0x00000000   Number         0  useno.o ABSOLUTE
    __use_no_signal_handling                 0x00000000   Number         0  useno.o ABSOLUTE
    _printf_a                                0x00000000   Number         0  stubs.o ABSOLUTE
    _printf_c                                0x00000000   Number         0  stubs.o ABSOLUTE
    _printf_charcount                        0x00000000   Number         0  stubs.o ABSOLUTE
    _printf_d                                0x00000000   Number         0  stubs.o ABSOLUTE
    _printf_e                                0x00000000   Number         0  stubs.o ABSOLUTE
    _printf_f                                0x00000000   Number         0  stubs.o ABSOLUTE
    _printf_flags                            0x00000000   Number         0  stubs.o ABSOLUTE
    _printf_fp_dec                           0x00000000   Number         0  stubs.o ABSOLUTE
    _printf_fp_hex                           0x00000000   Number         0  stubs.o ABSOLUTE
    _printf_g                                0x00000000   Number         0  stubs.o ABSOLUTE
    _printf_i                                0x00000000   Number         0  stubs.o ABSOLUTE
    _printf_int_dec                          0x00000000   Number         0  stubs.o ABSOLUTE
    _printf_l                                0x00000000   Number         0  stubs.o ABSOLUTE
    _printf_lc                               0x00000000   Number         0  stubs.o ABSOLUTE
    _printf_ll                               0x00000000   Number         0  stubs.o ABSOLUTE
    _printf_lld                              0x00000000   Number         0  stubs.o ABSOLUTE
    _printf_lli                              0x00000000   Number         0  stubs.o ABSOLUTE
    _printf_llo                              0x00000000   Number         0  stubs.o ABSOLUTE
    _printf_llu                              0x00000000   Number         0  stubs.o ABSOLUTE
    _printf_llx                              0x00000000   Number         0  stubs.o ABSOLUTE
    _printf_longlong_dec                     0x00000000   Number         0  stubs.o ABSOLUTE
    _printf_longlong_hex                     0x00000000   Number         0  stubs.o ABSOLUTE
    _printf_longlong_oct                     0x00000000   Number         0  stubs.o ABSOLUTE
    _printf_ls                               0x00000000   Number         0  stubs.o ABSOLUTE
    _printf_mbtowc                           0x00000000   Number         0  stubs.o ABSOLUTE
    _printf_n                                0x00000000   Number         0  stubs.o ABSOLUTE
    _printf_o                                0x00000000   Number         0  stubs.o ABSOLUTE
    _printf_p                                0x00000000   Number         0  stubs.o ABSOLUTE
    _printf_percent                          0x00000000   Number         0  stubs.o ABSOLUTE
    _printf_pre_padding                      0x00000000   Number         0  stubs.o ABSOLUTE
    _printf_return_value                     0x00000000   Number         0  stubs.o ABSOLUTE
    _printf_s                                0x00000000   Number         0  stubs.o ABSOLUTE
    _printf_sizespec                         0x00000000   Number         0  stubs.o ABSOLUTE
    _printf_str                              0x00000000   Number         0  stubs.o ABSOLUTE
    _printf_truncate_signed                  0x00000000   Number         0  stubs.o ABSOLUTE
    _printf_truncate_unsigned                0x00000000   Number         0  stubs.o ABSOLUTE
    _printf_u                                0x00000000   Number         0  stubs.o ABSOLUTE
    _printf_wc                               0x00000000   Number         0  stubs.o ABSOLUTE
    _printf_wctomb                           0x00000000   Number         0  stubs.o ABSOLUTE
    _printf_widthprec                        0x00000000   Number         0  stubs.o ABSOLUTE
    _printf_x                                0x00000000   Number         0  stubs.o ABSOLUTE
    __cpp_initialize__aeabi_                  - Undefined Weak Reference
    __cxa_finalize                            - Undefined Weak Reference
    __decompress                              - Undefined Weak Reference
    _clock_init                               - Undefined Weak Reference
    _microlib_exit                            - Undefined Weak Reference
    Reset_Handler                            0x000000c1   Thumb Code    12  startup_ht32f5xxxx_03.o(RESET)
    ADC_IRQHandler                           0x00000135   Thumb Code     0  startup_ht32f5xxxx_03.o(RESET)
    AES_IRQHandler                           0x00000135   Thumb Code     0  startup_ht32f5xxxx_03.o(RESET)
    BFTM0_IRQHandler                         0x00000135   Thumb Code     0  startup_ht32f5xxxx_03.o(RESET)
    BFTM1_IRQHandler                         0x00000135   Thumb Code     0  startup_ht32f5xxxx_03.o(RESET)
    COMP_DAC_IRQHandler                      0x00000135   Thumb Code     0  startup_ht32f5xxxx_03.o(RESET)
    COMP_IRQHandler                          0x00000135   Thumb Code     0  startup_ht32f5xxxx_03.o(RESET)
    EXTI0_1_IRQHandler                       0x00000135   Thumb Code     0  startup_ht32f5xxxx_03.o(RESET)
    EXTI2_3_IRQHandler                       0x00000135   Thumb Code     0  startup_ht32f5xxxx_03.o(RESET)
    EXTI4_15_IRQHandler                      0x00000135   Thumb Code     0  startup_ht32f5xxxx_03.o(RESET)
    FLASH_IRQHandler                         0x00000135   Thumb Code     0  startup_ht32f5xxxx_03.o(RESET)
    GPTM0_IRQHandler                         0x00000135   Thumb Code     0  startup_ht32f5xxxx_03.o(RESET)
    I2C0_IRQHandler                          0x00000135   Thumb Code     0  startup_ht32f5xxxx_03.o(RESET)
    I2C1_IRQHandler                          0x00000135   Thumb Code     0  startup_ht32f5xxxx_03.o(RESET)
    I2S_IRQHandler                           0x00000135   Thumb Code     0  startup_ht32f5xxxx_03.o(RESET)
    LVD_BOD_IRQHandler                       0x00000135   Thumb Code     0  startup_ht32f5xxxx_03.o(RESET)
    MCTM0_IRQHandler                         0x00000135   Thumb Code     0  startup_ht32f5xxxx_03.o(RESET)
    PDMA_CH0_1_IRQHandler                    0x00000135   Thumb Code     0  startup_ht32f5xxxx_03.o(RESET)
    PDMA_CH2_5_IRQHandler                    0x00000135   Thumb Code     0  startup_ht32f5xxxx_03.o(RESET)
    PWM0_IRQHandler                          0x00000135   Thumb Code     0  startup_ht32f5xxxx_03.o(RESET)
    PWM1_IRQHandler                          0x00000135   Thumb Code     0  startup_ht32f5xxxx_03.o(RESET)
    QSPI_IRQHandler                          0x00000135   Thumb Code     0  startup_ht32f5xxxx_03.o(RESET)
    RTC_IRQHandler                           0x00000135   Thumb Code     0  startup_ht32f5xxxx_03.o(RESET)
    SCI_IRQHandler                           0x00000135   Thumb Code     0  startup_ht32f5xxxx_03.o(RESET)
    SCTM0_IRQHandler                         0x00000135   Thumb Code     0  startup_ht32f5xxxx_03.o(RESET)
    SCTM1_IRQHandler                         0x00000135   Thumb Code     0  startup_ht32f5xxxx_03.o(RESET)
    SPI0_IRQHandler                          0x00000135   Thumb Code     0  startup_ht32f5xxxx_03.o(RESET)
    SPI1_IRQHandler                          0x00000135   Thumb Code     0  startup_ht32f5xxxx_03.o(RESET)
    UART0_IRQHandler                         0x00000135   Thumb Code     0  startup_ht32f5xxxx_03.o(RESET)
    UART0_UART2_IRQHandler                   0x00000135   Thumb Code     0  startup_ht32f5xxxx_03.o(RESET)
    UART1_IRQHandler                         0x00000135   Thumb Code     0  startup_ht32f5xxxx_03.o(RESET)
    UART1_UART3_IRQHandler                   0x00000135   Thumb Code     0  startup_ht32f5xxxx_03.o(RESET)
    USB_IRQHandler                           0x00000135   Thumb Code     0  startup_ht32f5xxxx_03.o(RESET)
    __main                                   0x00000165   Thumb Code     0  entry.o(.ARM.Collect$$$$00000000)
    _main_stk                                0x00000165   Thumb Code     0  entry2.o(.ARM.Collect$$$$00000001)
    _main_scatterload                        0x00000169   Thumb Code     0  entry5.o(.ARM.Collect$$$$00000004)
    __main_after_scatterload                 0x0000016d   Thumb Code     0  entry5.o(.ARM.Collect$$$$00000004)
    _main_clock                              0x0000016d   Thumb Code     0  entry7b.o(.ARM.Collect$$$$00000008)
    _main_cpp_init                           0x0000016d   Thumb Code     0  entry8b.o(.ARM.Collect$$$$0000000A)
    _main_init                               0x0000016d   Thumb Code     0  entry9a.o(.ARM.Collect$$$$0000000B)
    __rt_final_cpp                           0x00000175   Thumb Code     0  entry10a.o(.ARM.Collect$$$$0000000D)
    __rt_final_exit                          0x00000175   Thumb Code     0  entry11a.o(.ARM.Collect$$$$0000000F)
    __aeabi_uidiv                            0x00000179   Thumb Code     0  uidiv.o(.text)
    __aeabi_uidivmod                         0x00000179   Thumb Code    44  uidiv.o(.text)
    __aeabi_idiv                             0x000001a5   Thumb Code     0  idiv.o(.text)
    __aeabi_idivmod                          0x000001a5   Thumb Code    40  idiv.o(.text)
    __aeabi_memset                           0x000001cd   Thumb Code    14  memseta.o(.text)
    __aeabi_memset4                          0x000001cd   Thumb Code     0  memseta.o(.text)
    __aeabi_memset8                          0x000001cd   Thumb Code     0  memseta.o(.text)
    __aeabi_memclr                           0x000001db   Thumb Code     4  memseta.o(.text)
    __aeabi_memclr4                          0x000001db   Thumb Code     0  memseta.o(.text)
    __aeabi_memclr8                          0x000001db   Thumb Code     0  memseta.o(.text)
    _memset$wrapper                          0x000001df   Thumb Code    18  memseta.o(.text)
    strstr                                   0x000001f1   Thumb Code    40  strstr.o(.text)
    strncpy                                  0x00000219   Thumb Code    26  strncpy.o(.text)
    strlen                                   0x00000233   Thumb Code    14  strlen.o(.text)
    strcpy                                   0x00000241   Thumb Code    18  strcpy.o(.text)
    atoi                                     0x00000253   Thumb Code    26  atoi.o(.text)
    __aeabi_fadd                             0x0000026d   Thumb Code   162  fadd.o(.text)
    __aeabi_fsub                             0x0000030f   Thumb Code     8  fadd.o(.text)
    __aeabi_frsub                            0x00000317   Thumb Code     8  fadd.o(.text)
    __aeabi_fdiv                             0x0000031f   Thumb Code   124  fdiv.o(.text)
    __aeabi_i2f                              0x0000039b   Thumb Code    22  fflti.o(.text)
    __aeabi_f2iz                             0x000003b1   Thumb Code    50  ffixi.o(.text)
    __aeabi_f2d                              0x000003e3   Thumb Code    40  f2d.o(.text)
    __aeabi_d2f                              0x0000040b   Thumb Code    56  d2f.o(.text)
    __aeabi_uldivmod                         0x00000443   Thumb Code    96  uldiv.o(.text)
    __strtod_int                             0x000004db   Thumb Code    92  strtod.o(.text)
    strtol                                   0x00000549   Thumb Code   108  strtol.o(.text)
    __I$use$fp                               0x000005b9   Thumb Code     0  iusefp.o(.text)
    _float_round                             0x000005b9   Thumb Code    16  fepilogue.o(.text)
    _float_epilogue                          0x000005c9   Thumb Code   114  fepilogue.o(.text)
    __aeabi_dadd                             0x0000063d   Thumb Code   328  dadd.o(.text)
    __aeabi_dsub                             0x00000785   Thumb Code    12  dadd.o(.text)
    __aeabi_drsub                            0x00000791   Thumb Code    12  dadd.o(.text)
    __aeabi_dmul                             0x000007a1   Thumb Code   202  dmul.o(.text)
    __aeabi_ddiv                             0x00000871   Thumb Code   234  ddiv.o(.text)
    __aeabi_d2ulz                            0x00000961   Thumb Code    54  dfixul.o(.text)
    __aeabi_cdrcmple                         0x000009a1   Thumb Code    38  cdrcmple.o(.text)
    __scatterload                            0x000009c9   Thumb Code    28  init.o(.text)
    __scatterload_rt2                        0x000009c9   Thumb Code     0  init.o(.text)
    __aeabi_llsl                             0x000009ed   Thumb Code    32  llshl.o(.text)
    _ll_shift_l                              0x000009ed   Thumb Code     0  llshl.o(.text)
    __aeabi_llsr                             0x00000a0d   Thumb Code    34  llushr.o(.text)
    _ll_ushift_r                             0x00000a0d   Thumb Code     0  llushr.o(.text)
    __aeabi_lasr                             0x00000a2f   Thumb Code    38  llsshr.o(.text)
    _ll_sshift_r                             0x00000a2f   Thumb Code     0  llsshr.o(.text)
    __rt_ctype_table                         0x00000a55   Thumb Code     4  ctype_o.o(.text)
    isspace                                  0x00000a5d   Thumb Code    18  isspace_o.o(.text)
    _scanf_real                              0x00000b67   Thumb Code     0  scanf_fp.o(.text)
    _scanf_really_real                       0x00000b67   Thumb Code   586  scanf_fp.o(.text)
    _sgetc                                   0x00000dbd   Thumb Code    32  _sgetc.o(.text)
    _sbackspace                              0x00000ddd   Thumb Code    36  _sgetc.o(.text)
    _strtoul                                 0x00000e01   Thumb Code   166  _strtoul.o(.text)
    _double_round                            0x00000ea7   Thumb Code    26  depilogue.o(.text)
    _double_epilogue                         0x00000ec1   Thumb Code   164  depilogue.o(.text)
    __aeabi_lmul                             0x00000f65   Thumb Code   122  llmul.o(.text)
    _ll_mul                                  0x00000f65   Thumb Code     0  llmul.o(.text)
    _chval                                   0x00000fdf   Thumb Code    30  _chval.o(.text)
    __aeabi_ul2d                             0x00000ffd   Thumb Code    22  dfltul.o(.text)
    AFIO_EXTISourceConfig                    0x00001019   Thumb Code    38  ht32f5xxxx_gpio.o(i.AFIO_EXTISourceConfig)
    AFIO_GPxConfig                           0x00001045   Thumb Code    82  ht32f5xxxx_gpio.o(i.AFIO_GPxConfig)
    ATCommand_RX_Process                     0x0000109d   Thumb Code   296  at_command.o(i.ATCommand_RX_Process)
    BFTM_EnaCmd                              0x0000120d   Thumb Code    18  ht32f5xxxx_bftm.o(i.BFTM_EnaCmd)
    BFTM_SetCounter                          0x0000121f   Thumb Code     4  ht32f5xxxx_bftm.o(i.BFTM_SetCounter)
    CKCU_Configuration                       0x00001223   Thumb Code    20  mpu6050.o(i.CKCU_Configuration)
    CKCU_GetClockReadyStatus                 0x00001239   Thumb Code    16  ht32f5xxxx_ckcu.o(i.CKCU_GetClockReadyStatus)
    CKCU_GetClocksFrequency                  0x0000124d   Thumb Code    98  ht32f5xxxx_ckcu.o(i.CKCU_GetClocksFrequency)
    CKCU_GetPLLFrequency                     0x000012b9   Thumb Code    56  ht32f5xxxx_ckcu.o(i.CKCU_GetPLLFrequency)
    CKCU_GetPeripFrequency                   0x000012f9   Thumb Code    48  ht32f5xxxx_ckcu.o(i.CKCU_GetPeripFrequency)
    CKCU_PeripClockConfig                    0x0000132d   Thumb Code    34  ht32f5xxxx_ckcu.o(i.CKCU_PeripClockConfig)
    CKCU_SetPeripPrescaler                   0x00001355   Thumb Code    36  ht32f5xxxx_ckcu.o(i.CKCU_SetPeripPrescaler)
    Check_ATC_wait                           0x0000137d   Thumb Code    54  mqtt.o(i.Check_ATC_wait)
    Config_GPIO                              0x000013c1   Thumb Code   268  main.o(i.Config_GPIO)
    Configure_AT_Command                     0x000014dd   Thumb Code    54  at_command.o(i.Configure_AT_Command)
    Conver_DateTime                          0x00001529   Thumb Code   158  gps.o(i.Conver_DateTime)
    EVWUP_IRQHandler                         0x000015d5   Thumb Code    62  ht32f5xxxx_01_it.o(i.EVWUP_IRQHandler)
    EXTI_ClearWakeupFlag                     0x00001615   Thumb Code    14  ht32f5xxxx_exti.o(i.EXTI_ClearWakeupFlag)
    EXTI_Configuration                       0x00001629   Thumb Code    76  main.o(i.EXTI_Configuration)
    EXTI_GetWakeupFlagStatus                 0x0000167d   Thumb Code    20  ht32f5xxxx_exti.o(i.EXTI_GetWakeupFlagStatus)
    EXTI_WakeupEventConfig                   0x00001695   Thumb Code    40  ht32f5xxxx_exti.o(i.EXTI_WakeupEventConfig)
    EXTI_WakeupEventIntConfig                0x000016c1   Thumb Code    24  ht32f5xxxx_exti.o(i.EXTI_WakeupEventIntConfig)
    GPIO_ClearOutBits                        0x000016dd   Thumb Code     4  ht32f5xxxx_gpio.o(i.GPIO_ClearOutBits)
    GPIO_DirectionConfig                     0x000016e1   Thumb Code    16  ht32f5xxxx_gpio.o(i.GPIO_DirectionConfig)
    GPIO_DriveConfig                         0x000016f1   Thumb Code    48  ht32f5xxxx_gpio.o(i.GPIO_DriveConfig)
    GPIO_IN_Configuration                    0x00001721   Thumb Code   132  mpu6050.o(i.GPIO_IN_Configuration)
    GPIO_InputConfig                         0x000017b1   Thumb Code    16  ht32f5xxxx_gpio.o(i.GPIO_InputConfig)
    GPIO_PullResistorConfig                  0x000017c1   Thumb Code    42  ht32f5xxxx_gpio.o(i.GPIO_PullResistorConfig)
    GPIO_ReadInBit                           0x000017eb   Thumb Code    10  ht32f5xxxx_gpio.o(i.GPIO_ReadInBit)
    GPIO_SetOutBits                          0x000017f5   Thumb Code     4  ht32f5xxxx_gpio.o(i.GPIO_SetOutBits)
    GPIO_WriteOutBits                        0x000017f9   Thumb Code    12  ht32f5xxxx_gpio.o(i.GPIO_WriteOutBits)
    GPS_RX_Process                           0x00001805   Thumb Code   442  gps.o(i.GPS_RX_Process)
    HT32F_DVB_LEDInit                        0x00001a19   Thumb Code    84  ht32_board.o(i.HT32F_DVB_LEDInit)
    HT32F_DVB_LEDOff                         0x00001a71   Thumb Code    20  ht32_board.o(i.HT32F_DVB_LEDOff)
    HT32F_DVB_LEDOn                          0x00001a89   Thumb Code    20  ht32_board.o(i.HT32F_DVB_LEDOn)
    HT32F_DVB_LEDToggle                      0x00001aa1   Thumb Code    28  ht32_board.o(i.HT32F_DVB_LEDToggle)
    HardFault_Handler                        0x00001ac1   Thumb Code    10  ht32f5xxxx_01_it.o(i.HardFault_Handler)
    I2C_CheckStatus                          0x00001ad1   Thumb Code    14  ht32f5xxxx_i2c.o(i.I2C_CheckStatus)
    I2C_Cmd                                  0x00001adf   Thumb Code    18  ht32f5xxxx_i2c.o(i.I2C_Cmd)
    I2C_Configuration                        0x00001af1   Thumb Code    74  i2c.o(i.I2C_Configuration)
    I2C_GenerateSTOP                         0x00001b49   Thumb Code    10  ht32f5xxxx_i2c.o(i.I2C_GenerateSTOP)
    I2C_Init                                 0x00001b55   Thumb Code   148  ht32f5xxxx_i2c.o(i.I2C_Init)
    I2C_Master_Transmitter                   0x00001bf1   Thumb Code   102  i2c.o(i.I2C_Master_Transmitter)
    I2C_ReadRegister                         0x00001c69   Thumb Code    10  ht32f5xxxx_i2c.o(i.I2C_ReadRegister)
    I2C_SendData                             0x00001c73   Thumb Code     4  ht32f5xxxx_i2c.o(i.I2C_SendData)
    I2C_TargetAddressConfig                  0x00001c77   Thumb Code    20  ht32f5xxxx_i2c.o(i.I2C_TargetAddressConfig)
    LowPower_Enter                           0x00001c8b   Thumb Code    32  main.o(i.LowPower_Enter)
    MQTT_Connect_Start                       0x00001cad   Thumb Code   170  mqtt.o(i.MQTT_Connect_Start)
    MQTT_Disconnect_Start                    0x00001de9   Thumb Code   104  mqtt.o(i.MQTT_Disconnect_Start)
    MQTT_PubDataTopic                        0x00001edd   Thumb Code   296  mqtt.o(i.MQTT_PubDataTopic)
    MQTT_SubTopic                            0x00002125   Thumb Code   170  mqtt.o(i.MQTT_SubTopic)
    NMI_Handler                              0x0000228d   Thumb Code     2  ht32f5xxxx_01_it.o(i.NMI_Handler)
    PWRCU_CheckReadyAccessed                 0x00002291   Thumb Code    24  ht32f5xxxx_pwrcu.o(i.PWRCU_CheckReadyAccessed)
    PWRCU_DeInit                             0x000022b1   Thumb Code    22  ht32f5xxxx_pwrcu.o(i.PWRCU_DeInit)
    PWRCU_DeepSleep1                         0x000022cd   Thumb Code    78  ht32f5xxxx_pwrcu.o(i.PWRCU_DeepSleep1)
    PendSV_Handler                           0x00002329   Thumb Code     2  ht32f5xxxx_01_it.o(i.PendSV_Handler)
    RTC_ClockSourceConfig                    0x0000232d   Thumb Code    16  ht32f5xxxx_rtc.o(i.RTC_ClockSourceConfig)
    RTC_Cmd                                  0x00002341   Thumb Code    22  ht32f5xxxx_rtc.o(i.RTC_Cmd)
    RTC_Configuration                        0x0000235d   Thumb Code    80  main.o(i.RTC_Configuration)
    RTC_GetCounter                           0x000023ad   Thumb Code     6  ht32f5xxxx_rtc.o(i.RTC_GetCounter)
    RTC_GetFlagStatus                        0x000023b9   Thumb Code     8  ht32f5xxxx_rtc.o(i.RTC_GetFlagStatus)
    RTC_LSECmd                               0x000023c5   Thumb Code    36  ht32f5xxxx_rtc.o(i.RTC_LSECmd)
    RTC_LSESMConfig                          0x000023f1   Thumb Code    16  ht32f5xxxx_rtc.o(i.RTC_LSESMConfig)
    RTC_SetCompare                           0x00002405   Thumb Code     6  ht32f5xxxx_rtc.o(i.RTC_SetCompare)
    RTC_SetPrescaler                         0x00002411   Thumb Code    16  ht32f5xxxx_rtc.o(i.RTC_SetPrescaler)
    RTC_WakeupConfig                         0x00002425   Thumb Code    18  ht32f5xxxx_rtc.o(i.RTC_WakeupConfig)
    SVC_Handler                              0x0000243d   Thumb Code     2  ht32f5xxxx_01_it.o(i.SVC_Handler)
    Simcom_ATC_SendATCommand                 0x00002441   Thumb Code    74  at_command.o(i.Simcom_ATC_SendATCommand)
    Simcom_ATResponse_Callback               0x00002499   Thumb Code    30  at_command.o(i.Simcom_ATResponse_Callback)
    Simcom_SendATCommand                     0x000024c1   Thumb Code    14  at_command.o(i.Simcom_SendATCommand)
    SysTick_Handler                          0x000024d9   Thumb Code    78  at_command.o(i.SysTick_Handler)
    SystemInit                               0x00002535   Thumb Code   228  system_ht32f5xxxx_03.o(i.SystemInit)
    Time_Delay                               0x00002629   Thumb Code    14  ht32_time.o(i.Time_Delay)
    Time_Init                                0x0000263d   Thumb Code    44  ht32_time.o(i.Time_Init)
    USART0_IRQHandler                        0x0000266d   Thumb Code   100  gps.o(i.USART0_IRQHandler)
    USART1_IRQHandler                        0x000026d5   Thumb Code   114  at_command.o(i.USART1_IRQHandler)
    USART_ClearFlag                          0x00002759   Thumb Code     8  ht32f5xxxx_usart.o(i.USART_ClearFlag)
    USART_GetFIFOStatus                      0x00002761   Thumb Code    18  ht32f5xxxx_usart.o(i.USART_GetFIFOStatus)
    USART_GetFlagStatus                      0x00002773   Thumb Code    10  ht32f5xxxx_usart.o(i.USART_GetFlagStatus)
    USART_Init                               0x0000277d   Thumb Code   154  ht32f5xxxx_usart.o(i.USART_Init)
    USART_IntConfig                          0x00002831   Thumb Code    16  ht32f5xxxx_usart.o(i.USART_IntConfig)
    USART_ReceiveData                        0x00002841   Thumb Code     6  ht32f5xxxx_usart.o(i.USART_ReceiveData)
    USART_SendData                           0x00002847   Thumb Code     4  ht32f5xxxx_usart.o(i.USART_SendData)
    USART_SetTimeOutValue                    0x0000284b   Thumb Code    16  ht32f5xxxx_usart.o(i.USART_SetTimeOutValue)
    USART_TXRXTLConfig                       0x0000285b   Thumb Code    20  ht32f5xxxx_usart.o(i.USART_TXRXTLConfig)
    USART_TxRxCmd                            0x0000286f   Thumb Code    20  ht32f5xxxx_usart.o(i.USART_TxRxCmd)
    UxART1_Configuration                     0x00002885   Thumb Code   160  main.o(i.UxART1_Configuration)
    UxART1_TxTest                            0x00002931   Thumb Code    82  at_command.o(i.UxART1_TxTest)
    UxART_Configuration                      0x00002991   Thumb Code   158  main.o(i.UxART_Configuration)
    __0sprintf                               0x00002a91   Thumb Code    36  printfa.o(i.__0sprintf)
    __1sprintf                               0x00002a91   Thumb Code     0  printfa.o(i.__0sprintf)
    __2sprintf                               0x00002a91   Thumb Code     0  printfa.o(i.__0sprintf)
    __c89sprintf                             0x00002a91   Thumb Code     0  printfa.o(i.__0sprintf)
    sprintf                                  0x00002a91   Thumb Code     0  printfa.o(i.__0sprintf)
    __ARM_clz                                0x00002ab9   Thumb Code    46  depilogue.o(i.__ARM_clz)
    __ARM_common_switch8                     0x00002ae7   Thumb Code    26  ht32f5xxxx_ckcu.o(i.__ARM_common_switch8)
    __aeabi_errno_addr                       0x00002b01   Thumb Code     4  errno.o(i.__aeabi_errno_addr)
    __rt_errno_addr                          0x00002b01   Thumb Code     0  errno.o(i.__aeabi_errno_addr)
    __read_errno                             0x00002b09   Thumb Code     6  errno.o(i.__read_errno)
    __scatterload_copy                       0x00002b15   Thumb Code    14  handlers.o(i.__scatterload_copy)
    __scatterload_null                       0x00002b23   Thumb Code     2  handlers.o(i.__scatterload_null)
    __scatterload_zeroinit                   0x00002b25   Thumb Code    14  handlers.o(i.__scatterload_zeroinit)
    __set_errno                              0x00002b35   Thumb Code     6  errno.o(i.__set_errno)
    _is_digit                                0x00002c99   Thumb Code    14  scanf_fp.o(i._is_digit)
    atof                                     0x000033eb   Thumb Code    42  atof.o(i.atof)
    check_cd                                 0x00003415   Thumb Code   132  main.o(i.check_cd)
    deepsleep                                0x000034a9   Thumb Code    50  main.o(i.deepsleep)
    filter_comma                             0x000034dd   Thumb Code   148  gps.o(i.filter_comma)
    filter_comma_v2                          0x00003585   Thumb Code   132  at_command.o(i.filter_comma_v2)
    main                                     0x0000360d   Thumb Code   824  main.o(i.main)
    mpu6050_configINT                        0x000039bd   Thumb Code    74  mpu6050.o(i.mpu6050_configINT)
    mpu6050_write                            0x00003a0d   Thumb Code    22  mpu6050.o(i.mpu6050_write)
    gHelloString                             0x00003a2c   Data          12  main.o(.constdata)
    topic_pub                                0x00003a38   Data          58  main.o(.constdata)
    topic_sub                                0x00003a72   Data          51  main.o(.constdata)
    LED_GPIO_ID                              0x00003aa8   Data           3  ht32_board.o(.constdata)
    LED_AFIO_MODE                            0x00003aab   Data           3  ht32_board.o(.constdata)
    BUTTON_GPIO_ID                           0x00003aae   Data           3  ht32_board.o(.constdata)
    BUTTON_AFIO_MODE                         0x00003ab1   Data           3  ht32_board.o(.constdata)
    BUTTON_EXTI_CH                           0x00003ab4   Data           3  ht32_board.o(.constdata)
    LED_GPIO_PIN                             0x00003ab8   Data           6  ht32_board.o(.constdata)
    BUTTON_GPIO_PIN                          0x00003abe   Data           6  ht32_board.o(.constdata)
    GPIO_PORT                                0x00003ac4   Data          24  ht32_board.o(.constdata)
    gCOMInfo                                 0x00003adc   Data          16  ht32_board.o(.constdata)
    __ctype_table                            0x00003aec   Data         129  ctype_o.o(.constdata)
    Region$$Table$$Base                      0x00003c60   Number         0  anon$$obj.o(Region$$Table)
    Region$$Table$$Limit                     0x00003c80   Number         0  anon$$obj.o(Region$$Table)
    Flag_CheckEnd_AT                         0x20000000   Data           1  main.o(.data)
    TmpStatus                                0x20000001   Data           1  main.o(.data)
    count_mess                               0x20000002   Data           1  main.o(.data)
    count                                    0x20000003   Data           1  main.o(.data)
    count_reset                              0x20000004   Data           1  main.o(.data)
    CB_CD                                    0x20000005   Data           1  main.o(.data)
    spk_count                                0x20000008   Data           4  main.o(.data)
    TimePeriod                               0x2000000c   Data           4  main.o(.data)
    utick                                    0x20000010   Data           4  main.o(.data)
    count_NW                                 0x20000014   Data           4  main.o(.data)
    j                                        0x20000018   Data           4  main.o(.data)
    HT32_FLAG_T                              0x2000001c   Data           4  main.o(.data)
    count_restart                            0x20000020   Data           4  main.o(.data)
    time1                                    0x20000024   Data           4  main.o(.data)
    AT_RX_event                              0x20000028   Data           1  main.o(.data)
    gURTx1_Ptr                               0x2000002c   Data           4  main.o(.data)
    gURTx1_Length                            0x20000030   Data           4  main.o(.data)
    count_filter                             0x20000034   Data           4  main.o(.data)
    lim                                      0x20000038   Data           4  main.o(.data)
    start                                    0x2000003c   Data           4  main.o(.data)
    finish                                   0x20000040   Data           4  main.o(.data)
    i                                        0x20000044   Data           4  main.o(.data)
    I2C_Master_Buffer_Tx                     0x20000048   Data           2  main.o(.data)
    n                                        0x2000004c   Data           4  main.o(.data)
    SystemCoreClock                          0x20000054   Data           4  system_ht32f5xxxx_03.o(.data)
    count_filter_v2                          0x20000058   Data           4  at_command.o(.data)
    lim_v2                                   0x2000005c   Data           4  at_command.o(.data)
    start_v2                                 0x20000060   Data           4  at_command.o(.data)
    finish_v2                                0x20000064   Data           4  at_command.o(.data)
    i_v2                                     0x20000068   Data           4  at_command.o(.data)
    lat_current                              0x2000006c   Data           4  gps.o(.data)
    lon_current                              0x20000070   Data           4  gps.o(.data)
    D_Flag_t                                 0x20000078   Data          28  main.o(.bss)
    SIMCOM_ATCommand                         0x20000094   Data        3120  main.o(.bss)
    st_device_t                              0x20000cc4   Data         292  main.o(.bss)
    AT_Flag_t                                0x20000de8   Data          60  main.o(.bss)
    gps_t                                    0x20000e24   Data         560  main.o(.bss)
    gps_rx                                   0x20001054   Data         256  main.o(.bss)
    MQTTdataType                             0x20001154   Data        4108  main.o(.bss)
    TX_Trans                                 0x20002160   Data         128  main.o(.bss)
    DateTime                                 0x200021e0   Data         304  main.o(.bss)
    Time                                     0x20002310   Data         128  main.o(.bss)
    Day                                      0x20002390   Data         128  main.o(.bss)
    latitude                                 0x20002410   Data          50  main.o(.bss)
    longitude                                0x20002442   Data          50  main.o(.bss)
    sog                                      0x20002474   Data          50  main.o(.bss)
    __HT_check_sp                            0x200024a8   Data           0  startup_ht32f5xxxx_03.o(STACK)
    __initial_sp                             0x200026a8   Data           0  startup_ht32f5xxxx_03.o(STACK)



==============================================================================

Memory Map of the image

  Image Entry point : 0x000000c1

  Load Region LR_1 (Base: 0x00000000, Size: 0x00003cf8, Max: 0xffffffff, ABSOLUTE)

    Execution Region ER_RO (Base: 0x00000000, Size: 0x00003c80, Max: 0xffffffff, ABSOLUTE)

    Base Addr    Size         Type   Attr      Idx    E Section Name        Object

    0x00000000   0x00000164   Code   RO          383  * RESET               startup_ht32f5xxxx_03.o
    0x00000164   0x00000000   Code   RO         4468  * .ARM.Collect$$$$00000000  mc_p.l(entry.o)
    0x00000164   0x00000004   Code   RO         4760    .ARM.Collect$$$$00000001  mc_p.l(entry2.o)
    0x00000168   0x00000004   Code   RO         4763    .ARM.Collect$$$$00000004  mc_p.l(entry5.o)
    0x0000016c   0x00000000   Code   RO         4765    .ARM.Collect$$$$00000008  mc_p.l(entry7b.o)
    0x0000016c   0x00000000   Code   RO         4767    .ARM.Collect$$$$0000000A  mc_p.l(entry8b.o)
    0x0000016c   0x00000008   Code   RO         4768    .ARM.Collect$$$$0000000B  mc_p.l(entry9a.o)
    0x00000174   0x00000000   Code   RO         4770    .ARM.Collect$$$$0000000D  mc_p.l(entry10a.o)
    0x00000174   0x00000000   Code   RO         4772    .ARM.Collect$$$$0000000F  mc_p.l(entry11a.o)
    0x00000174   0x00000004   Code   RO         4761    .ARM.Collect$$$$00002712  mc_p.l(entry2.o)
    0x00000178   0x0000002c   Code   RO         4471    .text               mc_p.l(uidiv.o)
    0x000001a4   0x00000028   Code   RO         4473    .text               mc_p.l(idiv.o)
    0x000001cc   0x00000024   Code   RO         4475    .text               mc_p.l(memseta.o)
    0x000001f0   0x00000028   Code   RO         4477    .text               mc_p.l(strstr.o)
    0x00000218   0x0000001a   Code   RO         4479    .text               mc_p.l(strncpy.o)
    0x00000232   0x0000000e   Code   RO         4481    .text               mc_p.l(strlen.o)
    0x00000240   0x00000012   Code   RO         4483    .text               mc_p.l(strcpy.o)
    0x00000252   0x0000001a   Code   RO         4746    .text               mc_p.l(atoi.o)
    0x0000026c   0x000000b2   Code   RO         4748    .text               mf_p.l(fadd.o)
    0x0000031e   0x0000007c   Code   RO         4750    .text               mf_p.l(fdiv.o)
    0x0000039a   0x00000016   Code   RO         4752    .text               mf_p.l(fflti.o)
    0x000003b0   0x00000032   Code   RO         4754    .text               mf_p.l(ffixi.o)
    0x000003e2   0x00000028   Code   RO         4756    .text               mf_p.l(f2d.o)
    0x0000040a   0x00000038   Code   RO         4758    .text               mf_p.l(d2f.o)
    0x00000442   0x00000060   Code   RO         4774    .text               mc_p.l(uldiv.o)
    0x000004a2   0x00000002   PAD
    0x000004a4   0x000000a4   Code   RO         4783    .text               mc_p.l(strtod.o)
    0x00000548   0x00000070   Code   RO         4785    .text               mc_p.l(strtol.o)
    0x000005b8   0x00000000   Code   RO         4787    .text               mc_p.l(iusefp.o)
    0x000005b8   0x00000082   Code   RO         4788    .text               mf_p.l(fepilogue.o)
    0x0000063a   0x00000002   PAD
    0x0000063c   0x00000164   Code   RO         4790    .text               mf_p.l(dadd.o)
    0x000007a0   0x000000d0   Code   RO         4792    .text               mf_p.l(dmul.o)
    0x00000870   0x000000f0   Code   RO         4794    .text               mf_p.l(ddiv.o)
    0x00000960   0x00000040   Code   RO         4796    .text               mf_p.l(dfixul.o)
    0x000009a0   0x00000028   Code   RO         4798    .text               mf_p.l(cdrcmple.o)
    0x000009c8   0x00000024   Code   RO         4800    .text               mc_p.l(init.o)
    0x000009ec   0x00000020   Code   RO         4802    .text               mc_p.l(llshl.o)
    0x00000a0c   0x00000022   Code   RO         4804    .text               mc_p.l(llushr.o)
    0x00000a2e   0x00000026   Code   RO         4806    .text               mc_p.l(llsshr.o)
    0x00000a54   0x00000008   Code   RO         4810    .text               mc_p.l(ctype_o.o)
    0x00000a5c   0x00000012   Code   RO         4832    .text               mc_p.l(isspace_o.o)
    0x00000a6e   0x00000002   PAD
    0x00000a70   0x0000034c   Code   RO         4838    .text               mc_p.l(scanf_fp.o)
    0x00000dbc   0x00000044   Code   RO         4842    .text               mc_p.l(_sgetc.o)
    0x00000e00   0x000000a6   Code   RO         4844    .text               mc_p.l(_strtoul.o)
    0x00000ea6   0x000000be   Code   RO         4846    .text               mf_p.l(depilogue.o)
    0x00000f64   0x0000007a   Code   RO         4850    .text               mc_p.l(llmul.o)
    0x00000fde   0x0000001e   Code   RO         4855    .text               mc_p.l(_chval.o)
    0x00000ffc   0x0000001c   Code   RO         4857    .text               mf_p.l(dfltul.o)
    0x00001018   0x0000002c   Code   RO         1631    i.AFIO_EXTISourceConfig  ht32f5xxxx_gpio.o
    0x00001044   0x00000058   Code   RO         1632    i.AFIO_GPxConfig    ht32f5xxxx_gpio.o
    0x0000109c   0x00000170   Code   RO         4159    i.ATCommand_RX_Process  at_command.o
    0x0000120c   0x00000012   Code   RO          830    i.BFTM_EnaCmd       ht32f5xxxx_bftm.o
    0x0000121e   0x00000004   Code   RO          837    i.BFTM_SetCounter   ht32f5xxxx_bftm.o
    0x00001222   0x00000014   Code   RO         4424    i.CKCU_Configuration  mpu6050.o
    0x00001236   0x00000002   PAD
    0x00001238   0x00000014   Code   RO          911    i.CKCU_GetClockReadyStatus  ht32f5xxxx_ckcu.o
    0x0000124c   0x0000006c   Code   RO          912    i.CKCU_GetClocksFrequency  ht32f5xxxx_ckcu.o
    0x000012b8   0x00000040   Code   RO          914    i.CKCU_GetPLLFrequency  ht32f5xxxx_ckcu.o
    0x000012f8   0x00000034   Code   RO          915    i.CKCU_GetPeripFrequency  ht32f5xxxx_ckcu.o
    0x0000132c   0x00000028   Code   RO          930    i.CKCU_PeripClockConfig  ht32f5xxxx_ckcu.o
    0x00001354   0x00000028   Code   RO          934    i.CKCU_SetPeripPrescaler  ht32f5xxxx_ckcu.o
    0x0000137c   0x00000044   Code   RO         4309    i.Check_ATC_wait    mqtt.o
    0x000013c0   0x0000011c   Code   RO            3    i.Config_GPIO       main.o
    0x000014dc   0x0000004c   Code   RO         4160    i.Configure_AT_Command  at_command.o
    0x00001528   0x000000ac   Code   RO         4254    i.Conver_DateTime   gps.o
    0x000015d4   0x0000003e   Code   RO          300    i.EVWUP_IRQHandler  ht32f5xxxx_01_it.o
    0x00001612   0x00000002   PAD
    0x00001614   0x00000014   Code   RO         1442    i.EXTI_ClearWakeupFlag  ht32f5xxxx_exti.o
    0x00001628   0x00000054   Code   RO            4    i.EXTI_Configuration  main.o
    0x0000167c   0x00000018   Code   RO         1447    i.EXTI_GetWakeupFlagStatus  ht32f5xxxx_exti.o
    0x00001694   0x0000002c   Code   RO         1451    i.EXTI_WakeupEventConfig  ht32f5xxxx_exti.o
    0x000016c0   0x0000001c   Code   RO         1452    i.EXTI_WakeupEventIntConfig  ht32f5xxxx_exti.o
    0x000016dc   0x00000004   Code   RO         1633    i.GPIO_ClearOutBits  ht32f5xxxx_gpio.o
    0x000016e0   0x00000010   Code   RO         1635    i.GPIO_DirectionConfig  ht32f5xxxx_gpio.o
    0x000016f0   0x00000030   Code   RO         1636    i.GPIO_DriveConfig  ht32f5xxxx_gpio.o
    0x00001720   0x00000090   Code   RO         4425    i.GPIO_IN_Configuration  mpu6050.o
    0x000017b0   0x00000010   Code   RO         1638    i.GPIO_InputConfig  ht32f5xxxx_gpio.o
    0x000017c0   0x0000002a   Code   RO         1643    i.GPIO_PullResistorConfig  ht32f5xxxx_gpio.o
    0x000017ea   0x0000000a   Code   RO         1644    i.GPIO_ReadInBit    ht32f5xxxx_gpio.o
    0x000017f4   0x00000004   Code   RO         1648    i.GPIO_SetOutBits   ht32f5xxxx_gpio.o
    0x000017f8   0x0000000c   Code   RO         1649    i.GPIO_WriteOutBits  ht32f5xxxx_gpio.o
    0x00001804   0x00000214   Code   RO         4255    i.GPS_RX_Process    gps.o
    0x00001a18   0x00000058   Code   RO         3721    i.HT32F_DVB_LEDInit  ht32_board.o
    0x00001a70   0x00000018   Code   RO         3722    i.HT32F_DVB_LEDOff  ht32_board.o
    0x00001a88   0x00000018   Code   RO         3723    i.HT32F_DVB_LEDOn   ht32_board.o
    0x00001aa0   0x00000020   Code   RO         3724    i.HT32F_DVB_LEDToggle  ht32_board.o
    0x00001ac0   0x00000010   Code   RO          301    i.HardFault_Handler  ht32f5xxxx_01_it.o
    0x00001ad0   0x0000000e   Code   RO         1787    i.I2C_CheckStatus   ht32f5xxxx_i2c.o
    0x00001ade   0x00000012   Code   RO         1789    i.I2C_Cmd           ht32f5xxxx_i2c.o
    0x00001af0   0x00000058   Code   RO         4388    i.I2C_Configuration  i2c.o
    0x00001b48   0x0000000a   Code   RO         1793    i.I2C_GenerateSTOP  ht32f5xxxx_i2c.o
    0x00001b52   0x00000002   PAD
    0x00001b54   0x0000009c   Code   RO         1796    i.I2C_Init          ht32f5xxxx_i2c.o
    0x00001bf0   0x00000078   Code   RO         4390    i.I2C_Master_Transmitter  i2c.o
    0x00001c68   0x0000000a   Code   RO         1800    i.I2C_ReadRegister  ht32f5xxxx_i2c.o
    0x00001c72   0x00000004   Code   RO         1802    i.I2C_SendData      ht32f5xxxx_i2c.o
    0x00001c76   0x00000014   Code   RO         1810    i.I2C_TargetAddressConfig  ht32f5xxxx_i2c.o
    0x00001c8a   0x00000020   Code   RO            5    i.LowPower_Enter    main.o
    0x00001caa   0x00000002   PAD
    0x00001cac   0x0000013c   Code   RO         4310    i.MQTT_Connect_Start  mqtt.o
    0x00001de8   0x000000f4   Code   RO         4311    i.MQTT_Disconnect_Start  mqtt.o
    0x00001edc   0x00000248   Code   RO         4312    i.MQTT_PubDataTopic  mqtt.o
    0x00002124   0x00000168   Code   RO         4313    i.MQTT_SubTopic     mqtt.o
    0x0000228c   0x00000002   Code   RO          302    i.NMI_Handler       ht32f5xxxx_01_it.o
    0x0000228e   0x00000002   PAD
    0x00002290   0x00000020   Code   RO         2176    i.PWRCU_CheckReadyAccessed  ht32f5xxxx_pwrcu.o
    0x000022b0   0x0000001c   Code   RO         2178    i.PWRCU_DeInit      ht32f5xxxx_pwrcu.o
    0x000022cc   0x0000005c   Code   RO         2179    i.PWRCU_DeepSleep1  ht32f5xxxx_pwrcu.o
    0x00002328   0x00000002   Code   RO          303    i.PendSV_Handler    ht32f5xxxx_01_it.o
    0x0000232a   0x00000002   PAD
    0x0000232c   0x00000014   Code   RO         2374    i.RTC_ClockSourceConfig  ht32f5xxxx_rtc.o
    0x00002340   0x0000001c   Code   RO         2375    i.RTC_Cmd           ht32f5xxxx_rtc.o
    0x0000235c   0x00000050   Code   RO            6    i.RTC_Configuration  main.o
    0x000023ac   0x0000000c   Code   RO         2378    i.RTC_GetCounter    ht32f5xxxx_rtc.o
    0x000023b8   0x0000000c   Code   RO         2379    i.RTC_GetFlagStatus  ht32f5xxxx_rtc.o
    0x000023c4   0x0000002c   Code   RO         2383    i.RTC_LSECmd        ht32f5xxxx_rtc.o
    0x000023f0   0x00000014   Code   RO         2384    i.RTC_LSESMConfig   ht32f5xxxx_rtc.o
    0x00002404   0x0000000c   Code   RO         2387    i.RTC_SetCompare    ht32f5xxxx_rtc.o
    0x00002410   0x00000014   Code   RO         2388    i.RTC_SetPrescaler  ht32f5xxxx_rtc.o
    0x00002424   0x00000018   Code   RO         2389    i.RTC_WakeupConfig  ht32f5xxxx_rtc.o
    0x0000243c   0x00000002   Code   RO          304    i.SVC_Handler       ht32f5xxxx_01_it.o
    0x0000243e   0x00000002   PAD
    0x00002440   0x00000058   Code   RO         4161    i.Simcom_ATC_SendATCommand  at_command.o
    0x00002498   0x00000028   Code   RO         4162    i.Simcom_ATResponse_Callback  at_command.o
    0x000024c0   0x00000018   Code   RO         4164    i.Simcom_SendATCommand  at_command.o
    0x000024d8   0x0000005c   Code   RO         4165    i.SysTick_Handler   at_command.o
    0x00002534   0x000000f4   Code   RO          349    i.SystemInit        system_ht32f5xxxx_03.o
    0x00002628   0x00000014   Code   RO         4359    i.Time_Delay        ht32_time.o
    0x0000263c   0x00000030   Code   RO         4360    i.Time_Init         ht32_time.o
    0x0000266c   0x00000068   Code   RO         4256    i.USART0_IRQHandler  gps.o
    0x000026d4   0x00000084   Code   RO         4166    i.USART1_IRQHandler  at_command.o
    0x00002758   0x00000008   Code   RO         3078    i.USART_ClearFlag   ht32f5xxxx_usart.o
    0x00002760   0x00000012   Code   RO         3082    i.USART_GetFIFOStatus  ht32f5xxxx_usart.o
    0x00002772   0x0000000a   Code   RO         3083    i.USART_GetFlagStatus  ht32f5xxxx_usart.o
    0x0000277c   0x000000b4   Code   RO         3086    i.USART_Init        ht32f5xxxx_usart.o
    0x00002830   0x00000010   Code   RO         3087    i.USART_IntConfig   ht32f5xxxx_usart.o
    0x00002840   0x00000006   Code   RO         3096    i.USART_ReceiveData  ht32f5xxxx_usart.o
    0x00002846   0x00000004   Code   RO         3097    i.USART_SendData    ht32f5xxxx_usart.o
    0x0000284a   0x00000010   Code   RO         3101    i.USART_SetTimeOutValue  ht32f5xxxx_usart.o
    0x0000285a   0x00000014   Code   RO         3107    i.USART_TXRXTLConfig  ht32f5xxxx_usart.o
    0x0000286e   0x00000014   Code   RO         3108    i.USART_TxRxCmd     ht32f5xxxx_usart.o
    0x00002882   0x00000002   PAD
    0x00002884   0x000000ac   Code   RO            7    i.UxART1_Configuration  main.o
    0x00002930   0x00000060   Code   RO         4167    i.UxART1_TxTest     at_command.o
    0x00002990   0x000000a8   Code   RO            8    i.UxART_Configuration  main.o
    0x00002a38   0x00000056   Code   RO         3727    i._HT32F_DVB_ClockConfig  ht32_board.o
    0x00002a8e   0x00000002   PAD
    0x00002a90   0x00000028   Code   RO         4720    i.__0sprintf        mc_p.l(printfa.o)
    0x00002ab8   0x0000002e   Code   RO         4848    i.__ARM_clz         mf_p.l(depilogue.o)
    0x00002ae6   0x0000001a   Code   RO         1126    i.__ARM_common_switch8  ht32f5xxxx_ckcu.o
    0x00002b00   0x00000008   Code   RO         4776    i.__aeabi_errno_addr  mc_p.l(errno.o)
    0x00002b08   0x0000000c   Code   RO         4777    i.__read_errno      mc_p.l(errno.o)
    0x00002b14   0x0000000e   Code   RO         4861    i.__scatterload_copy  mc_p.l(handlers.o)
    0x00002b22   0x00000002   Code   RO         4862    i.__scatterload_null  mc_p.l(handlers.o)
    0x00002b24   0x0000000e   Code   RO         4863    i.__scatterload_zeroinit  mc_p.l(handlers.o)
    0x00002b32   0x00000002   PAD
    0x00002b34   0x0000000c   Code   RO         4778    i.__set_errno       mc_p.l(errno.o)
    0x00002b40   0x00000158   Code   RO         4725    i._fp_digits        mc_p.l(printfa.o)
    0x00002c98   0x0000000e   Code   RO         4840    i._is_digit         mc_p.l(scanf_fp.o)
    0x00002ca6   0x00000002   PAD
    0x00002ca8   0x000006ec   Code   RO         4726    i._printf_core      mc_p.l(printfa.o)
    0x00003394   0x00000020   Code   RO         4727    i._printf_post_padding  mc_p.l(printfa.o)
    0x000033b4   0x0000002c   Code   RO         4728    i._printf_pre_padding  mc_p.l(printfa.o)
    0x000033e0   0x0000000a   Code   RO         4730    i._sputc            mc_p.l(printfa.o)
    0x000033ea   0x0000002a   Code   RO         4465    i.atof              m_ps.l(atof.o)
    0x00003414   0x00000094   Code   RO            9    i.check_cd          main.o
    0x000034a8   0x00000032   Code   RO           10    i.deepsleep         main.o
    0x000034da   0x00000002   PAD
    0x000034dc   0x000000a8   Code   RO         4258    i.filter_comma      gps.o
    0x00003584   0x00000088   Code   RO         4169    i.filter_comma_v2   at_command.o
    0x0000360c   0x000003b0   Code   RO           11    i.main              main.o
    0x000039bc   0x00000050   Code   RO         4426    i.mpu6050_configINT  mpu6050.o
    0x00003a0c   0x00000020   Code   RO         4427    i.mpu6050_write     mpu6050.o
    0x00003a2c   0x00000079   Data   RO           23    .constdata          main.o
    0x00003aa5   0x00000003   PAD
    0x00003aa8   0x00000044   Data   RO         3728    .constdata          ht32_board.o
    0x00003aec   0x00000081   Data   RO         4811    .constdata          mc_p.l(ctype_o.o)
    0x00003b6d   0x00000003   PAD
    0x00003b70   0x00000004   Data   RO         4812    .constdata          mc_p.l(ctype_o.o)
    0x00003b74   0x00000070   Data   RO         4259    .conststring        gps.o
    0x00003be4   0x0000007c   Data   RO         4314    .conststring        mqtt.o
    0x00003c60   0x00000020   Data   RO         4859    Region$$Table       anon$$obj.o


    Execution Region ER_RW (Base: 0x20000000, Size: 0x00000078, Max: 0xffffffff, ABSOLUTE)

    Base Addr    Size         Type   Attr      Idx    E Section Name        Object

    0x20000000   0x00000028   Data   RW           25    .data               main.o
    0x20000028   0x00000001   Data   RW           27    .data               main.o
    0x20000029   0x00000003   PAD
    0x2000002c   0x00000004   Data   RW           28    .data               main.o
    0x20000030   0x00000004   Data   RW           29    .data               main.o
    0x20000034   0x00000004   Data   RW           32    .data               main.o
    0x20000038   0x00000004   Data   RW           33    .data               main.o
    0x2000003c   0x00000004   Data   RW           34    .data               main.o
    0x20000040   0x00000004   Data   RW           35    .data               main.o
    0x20000044   0x00000004   Data   RW           36    .data               main.o
    0x20000048   0x00000002   Data   RW           37    .data               main.o
    0x2000004a   0x00000002   PAD
    0x2000004c   0x00000004   Data   RW           42    .data               main.o
    0x20000050   0x00000004   Data   RW          305    .data               ht32f5xxxx_01_it.o
    0x20000054   0x00000004   Data   RW          350    .data               system_ht32f5xxxx_03.o
    0x20000058   0x00000014   Data   RW         4170    .data               at_command.o
    0x2000006c   0x00000008   Data   RW         4260    .data               gps.o
    0x20000074   0x00000004   Data   RW         4779    .data               mc_p.l(errno.o)


    Execution Region ER_ZI (Base: 0x20000078, Size: 0x00002630, Max: 0xffffffff, ABSOLUTE)

    Base Addr    Size         Type   Attr      Idx    E Section Name        Object

    0x20000078   0x0000001c   Zero   RW           12    .bss                main.o
    0x20000094   0x00000c30   Zero   RW           13    .bss                main.o
    0x20000cc4   0x00000490   Zero   RW           14    .bss                main.o
    0x20001154   0x0000100c   Zero   RW           15    .bss                main.o
    0x20002160   0x00000080   Zero   RW           16    .bss                main.o
    0x200021e0   0x00000130   Zero   RW           17    .bss                main.o
    0x20002310   0x00000080   Zero   RW           18    .bss                main.o
    0x20002390   0x00000080   Zero   RW           19    .bss                main.o
    0x20002410   0x00000032   Zero   RW           20    .bss                main.o
    0x20002442   0x00000032   Zero   RW           21    .bss                main.o
    0x20002474   0x00000032   Zero   RW           22    .bss                main.o
    0x200024a6   0x00000002   PAD
    0x200024a8   0x00000200   Zero   RW          381    STACK               startup_ht32f5xxxx_03.o


==============================================================================

Image component sizes


      Code (inc. data)   RO Data    RW Data    ZI Data      Debug   Object Name

      1052        178          0         20          0      15704   at_command.o
       976        128        112          8          0       2676   gps.o
       254         16         68          0          0      10934   ht32_board.o
        68         10          0          0          0        917   ht32_time.o
        84          6          0          4          0       2100   ht32f5xxxx_01_it.o
        22          0          0          0          0       1424   ht32f5xxxx_bftm.o
       350         46          0          0          0      14345   ht32f5xxxx_ckcu.o
       116         18          0          0          0       2303   ht32f5xxxx_exti.o
       284         12          0          0          0      11403   ht32f5xxxx_gpio.o
       232          8          0          0          0      11718   ht32f5xxxx_i2c.o
       152         28          0          0          0       4353   ht32f5xxxx_pwrcu.o
       192         48          0          0          0       6801   ht32f5xxxx_rtc.o
       298         26          0          0          0      14003   ht32f5xxxx_usart.o
       208         32          0          0          0       1069   i2c.o
      1962        182        121         75       9262      69179   main.o
       276         28          0          0          0       2197   mpu6050.o
      1572        778        124          0          0       2982   mqtt.o
       356        238          0          0        512        676   startup_ht32f5xxxx_03.o
       244         16          0          4          0       1867   system_ht32f5xxxx_03.o

    ----------------------------------------------------------------------
      8718       1798        460        116       9776     176651   Object Totals
         0          0         32          0          0          0   (incl. Generated)
        20          0          3          5          2          0   (incl. Padding)

    ----------------------------------------------------------------------

      Code (inc. data)   RO Data    RW Data    ZI Data      Debug   Library Member Name

        42          0          0          0          0         76   atof.o
        30          0          0          0          0         60   _chval.o
        68          0          0          0          0         76   _sgetc.o
       166          0          0          0          0         84   _strtoul.o
        26          0          0          0          0         72   atoi.o
         8          4        133          0          0         60   ctype_o.o
         0          0          0          0          0          0   entry.o
         0          0          0          0          0          0   entry10a.o
         0          0          0          0          0          0   entry11a.o
         8          4          0          0          0          0   entry2.o
         4          0          0          0          0          0   entry5.o
         0          0          0          0          0          0   entry7b.o
         0          0          0          0          0          0   entry8b.o
         8          4          0          0          0          0   entry9a.o
        32         16          0          4          0        180   errno.o
        30          0          0          0          0          0   handlers.o
        40          0          0          0          0         72   idiv.o
        36          8          0          0          0         68   init.o
        18          0          0          0          0         68   isspace_o.o
         0          0          0          0          0          0   iusefp.o
       122          0          0          0          0         84   llmul.o
        32          0          0          0          0         68   llshl.o
        38          0          0          0          0         68   llsshr.o
        34          0          0          0          0         68   llushr.o
        36          0          0          0          0        100   memseta.o
      2242         94          0          0          0        472   printfa.o
       858         12          0          0          0        184   scanf_fp.o
        18          0          0          0          0         60   strcpy.o
        14          0          0          0          0         60   strlen.o
        26          0          0          0          0         68   strncpy.o
        40          0          0          0          0         72   strstr.o
       164         18          0          0          0        120   strtod.o
       112          4          0          0          0         76   strtol.o
        44          0          0          0          0         72   uidiv.o
        96          0          0          0          0         84   uldiv.o
        40          2          0          0          0         68   cdrcmple.o
        56          0          0          0          0         68   d2f.o
       356          4          0          0          0        140   dadd.o
       240          6          0          0          0         84   ddiv.o
       236          0          0          0          0        216   depilogue.o
        64         10          0          0          0         68   dfixul.o
        28          6          0          0          0         68   dfltul.o
       208          6          0          0          0         88   dmul.o
        40          0          0          0          0         60   f2d.o
       178          0          0          0          0        108   fadd.o
       124          0          0          0          0         72   fdiv.o
       130          0          0          0          0        144   fepilogue.o
        50          0          0          0          0         60   ffixi.o
        22          0          0          0          0         68   fflti.o

    ----------------------------------------------------------------------
      6174        198        136          4          0       3784   Library Totals
        10          0          3          0          0          0   (incl. Padding)

    ----------------------------------------------------------------------

      Code (inc. data)   RO Data    RW Data    ZI Data      Debug   Library Name

        42          0          0          0          0         76   m_ps.l
      4350        164        133          4          0       2396   mc_p.l
      1772         34          0          0          0       1312   mf_p.l

    ----------------------------------------------------------------------
      6174        198        136          4          0       3784   Library Totals

    ----------------------------------------------------------------------

==============================================================================


      Code (inc. data)   RO Data    RW Data    ZI Data      Debug   

     14892       1996        596        120       9776     174419   Grand Totals
     14892       1996        596        120       9776     174419   ELF Image Totals
     14892       1996        596        120          0          0   ROM Totals

==============================================================================

    Total RO  Size (Code + RO Data)                15488 (  15.13kB)
    Total RW  Size (RW Data + ZI Data)              9896 (   9.66kB)
    Total ROM Size (Code + RO Data + RW Data)      15608 (  15.24kB)

==============================================================================

